{
    "rnaseq_samplesheet": {
        "content": [
            true
        ],
        "meta": {
            "nf-test": "0.9.0",
            "nextflow": "24.04.4"
        },
        "timestamp": "2024-10-30T15:27:18.557192574"
    },
    "atacseq_samplesheet": {
        "content": [
            true
        ],
        "meta": {
            "nf-test": "0.9.0",
            "nextflow": "24.04.4"
        },
        "timestamp": "2024-10-30T15:27:13.631683141"
    },
    "Bcl2Fastq": {
        "content": [
            8,
            {
                "BCL2FASTQ": {
                    "bcl2fastq": "2.20.0.422"
                },
                "FALCO": {
                    "falco": "1.2.1"
                },
                "FASTP": {
                    "fastp": "0.23.4"
                },
                "MD5SUM": {
                    "md5sum": 8.3
                },
                "Workflow": {
                    "nf-core/demultiplex": "v1.5.3dev"
                }
            },
            [
                "220422_M11111_0222_000000000-K9H97",
                "220422_M11111_0222_000000000-K9H97.lane1_no_adapters.csv",
                "220422_M11111_0222_000000000-K9H97/InterOp",
                "220422_M11111_0222_000000000-K9H97/InterOp/ControlMetricsOut.bin",
                "220422_M11111_0222_000000000-K9H97/InterOp/CorrectedIntMetricsOut.bin",
                "220422_M11111_0222_000000000-K9H97/InterOp/ErrorMetricsOut.bin",
                "220422_M11111_0222_000000000-K9H97/InterOp/ExtractionMetricsOut.bin",
                "220422_M11111_0222_000000000-K9H97/InterOp/IndexMetricsOut.bin",
                "220422_M11111_0222_000000000-K9H97/InterOp/QMetricsOut.bin",
                "220422_M11111_0222_000000000-K9H97/InterOp/TileMetricsOut.bin",
                "220422_M11111_0222_000000000-K9H97/L001",
                "220422_M11111_0222_000000000-K9H97/L001/Reports",
                "220422_M11111_0222_000000000-K9H97/L001/Reports/html",
                "220422_M11111_0222_000000000-K9H97/L001/Reports/html/000000000-K9H97",
                "220422_M11111_0222_000000000-K9H97/L001/Reports/html/000000000-K9H97/all",
                "220422_M11111_0222_000000000-K9H97/L001/Reports/html/000000000-K9H97/all/all",
                "220422_M11111_0222_000000000-K9H97/L001/Reports/html/000000000-K9H97/all/all/all",
                "220422_M11111_0222_000000000-K9H97/L001/Reports/html/000000000-K9H97/all/all/all/lane.html",
                "220422_M11111_0222_000000000-K9H97/L001/Reports/html/000000000-K9H97/all/all/all/laneBarcode.html",
                "220422_M11111_0222_000000000-K9H97/L001/Reports/html/000000000-K9H97/all/all/unknown",
                "220422_M11111_0222_000000000-K9H97/L001/Reports/html/000000000-K9H97/default",
                "220422_M11111_0222_000000000-K9H97/L001/Reports/html/000000000-K9H97/default/Sample1",
                "220422_M11111_0222_000000000-K9H97/L001/Reports/html/000000000-K9H97/default/Sample1/all",
                "220422_M11111_0222_000000000-K9H97/L001/Reports/html/000000000-K9H97/default/Sample1/all/lane.html",
                "220422_M11111_0222_000000000-K9H97/L001/Reports/html/000000000-K9H97/default/Sample1/all/laneBarcode.html",
                "220422_M11111_0222_000000000-K9H97/L001/Reports/html/000000000-K9H97/default/Sample1/unknown",
                "220422_M11111_0222_000000000-K9H97/L001/Reports/html/000000000-K9H97/default/Sample1/unknown/lane.html",
                "220422_M11111_0222_000000000-K9H97/L001/Reports/html/000000000-K9H97/default/Sample1/unknown/laneBarcode.html",
                "220422_M11111_0222_000000000-K9H97/L001/Reports/html/000000000-K9H97/default/all",
                "220422_M11111_0222_000000000-K9H97/L001/Reports/html/000000000-K9H97/default/all/all",
                "220422_M11111_0222_000000000-K9H97/L001/Reports/html/000000000-K9H97/default/all/all/lane.html",
                "220422_M11111_0222_000000000-K9H97/L001/Reports/html/000000000-K9H97/default/all/all/laneBarcode.html",
                "220422_M11111_0222_000000000-K9H97/L001/Reports/html/000000000-K9H97/default/all/unknown",
                "220422_M11111_0222_000000000-K9H97/L001/Reports/html/Report.css",
                "220422_M11111_0222_000000000-K9H97/L001/Reports/html/index.html",
                "220422_M11111_0222_000000000-K9H97/L001/Reports/html/tree.html",
                "220422_M11111_0222_000000000-K9H97/L001/Sample1_S1_L001.fastp.fastq.gz",
                "220422_M11111_0222_000000000-K9H97/L001/Sample1_S1_L001.fastp.fastq.gz.md5",
                "220422_M11111_0222_000000000-K9H97/L001/Sample1_S1_L001.fastp.html",
                "220422_M11111_0222_000000000-K9H97/L001/Sample1_S1_L001.fastp.json",
                "220422_M11111_0222_000000000-K9H97/L001/Sample1_S1_L001_R1_001.fastq.gz",
                "220422_M11111_0222_000000000-K9H97/L001/Sample1_S1_L001_fastqc_data.txt",
                "220422_M11111_0222_000000000-K9H97/L001/Sample1_S1_L001_report.html",
                "220422_M11111_0222_000000000-K9H97/L001/Sample1_S1_L001_summary.txt",
                "220422_M11111_0222_000000000-K9H97/L001/Stats",
                "220422_M11111_0222_000000000-K9H97/L001/Stats/AdapterTrimming.txt",
                "220422_M11111_0222_000000000-K9H97/L001/Stats/ConversionStats.xml",
                "220422_M11111_0222_000000000-K9H97/L001/Stats/DemultiplexingStats.xml",
                "220422_M11111_0222_000000000-K9H97/L001/Stats/DemuxSummaryF1L1.txt",
                "220422_M11111_0222_000000000-K9H97/L001/Stats/FastqSummaryF1L1.txt",
                "220422_M11111_0222_000000000-K9H97/L001/Stats/Stats.json",
                "multiqc",
                "multiqc/multiqc_data",
                "multiqc/multiqc_data/bcl2fastq-lane-stats-table.txt",
                "multiqc/multiqc_data/bcl2fastq_lane_counts.txt",
                "multiqc/multiqc_data/bcl2fastq_sample_counts.txt",
                "multiqc/multiqc_data/bcl2fastq_undetermined.txt",
                "multiqc/multiqc_data/fastp-seq-content-gc-plot_Read_1_After_filtering.txt",
                "multiqc/multiqc_data/fastp-seq-content-gc-plot_Read_1_Before_filtering.txt",
                "multiqc/multiqc_data/fastp-seq-content-n-plot_Read_1_After_filtering.txt",
                "multiqc/multiqc_data/fastp-seq-content-n-plot_Read_1_Before_filtering.txt",
                "multiqc/multiqc_data/fastp-seq-quality-plot_Read_1_After_filtering.txt",
                "multiqc/multiqc_data/fastp-seq-quality-plot_Read_1_Before_filtering.txt",
                "multiqc/multiqc_data/fastp_filtered_reads_plot.txt",
                "multiqc/multiqc_data/fastqc-status-check-heatmap.txt",
                "multiqc/multiqc_data/fastqc_per_base_n_content_plot.txt",
                "multiqc/multiqc_data/fastqc_per_base_sequence_quality_plot.txt",
                "multiqc/multiqc_data/fastqc_per_sequence_gc_content_plot_Counts.txt",
                "multiqc/multiqc_data/fastqc_per_sequence_gc_content_plot_Percentages.txt",
                "multiqc/multiqc_data/fastqc_per_sequence_quality_scores_plot.txt",
                "multiqc/multiqc_data/fastqc_sequence_counts_plot.txt",
                "multiqc/multiqc_data/fastqc_sequence_duplication_levels_plot.txt",
                "multiqc/multiqc_data/fastqc_top_overrepresented_sequences_table.txt",
                "multiqc/multiqc_data/multiqc.log",
                "multiqc/multiqc_data/multiqc_bcl2fastq_bylane.txt",
                "multiqc/multiqc_data/multiqc_bcl2fastq_bysample.txt",
                "multiqc/multiqc_data/multiqc_citations.txt",
                "multiqc/multiqc_data/multiqc_data.json",
                "multiqc/multiqc_data/multiqc_fastp.txt",
                "multiqc/multiqc_data/multiqc_fastqc.txt",
                "multiqc/multiqc_data/multiqc_general_stats.txt",
                "multiqc/multiqc_data/multiqc_software_versions.txt",
                "multiqc/multiqc_data/multiqc_sources.txt",
                "multiqc/multiqc_plots",
                "multiqc/multiqc_plots/pdf",
                "multiqc/multiqc_plots/pdf/bcl2fastq-lane-stats-table.pdf",
                "multiqc/multiqc_plots/pdf/bcl2fastq_lane_counts-cnt.pdf",
                "multiqc/multiqc_plots/pdf/bcl2fastq_lane_counts-pct.pdf",
                "multiqc/multiqc_plots/pdf/bcl2fastq_sample_counts-cnt.pdf",
                "multiqc/multiqc_plots/pdf/bcl2fastq_sample_counts-pct.pdf",
                "multiqc/multiqc_plots/pdf/bcl2fastq_undetermined-cnt.pdf",
                "multiqc/multiqc_plots/pdf/bcl2fastq_undetermined-pct.pdf",
                "multiqc/multiqc_plots/pdf/fastp-seq-content-gc-plot_Read_1_After_filtering.pdf",
                "multiqc/multiqc_plots/pdf/fastp-seq-content-gc-plot_Read_1_Before_filtering.pdf",
                "multiqc/multiqc_plots/pdf/fastp-seq-content-n-plot_Read_1_After_filtering.pdf",
                "multiqc/multiqc_plots/pdf/fastp-seq-content-n-plot_Read_1_Before_filtering.pdf",
                "multiqc/multiqc_plots/pdf/fastp-seq-quality-plot_Read_1_After_filtering.pdf",
                "multiqc/multiqc_plots/pdf/fastp-seq-quality-plot_Read_1_Before_filtering.pdf",
                "multiqc/multiqc_plots/pdf/fastp_filtered_reads_plot-cnt.pdf",
                "multiqc/multiqc_plots/pdf/fastp_filtered_reads_plot-pct.pdf",
                "multiqc/multiqc_plots/pdf/fastqc-status-check-heatmap.pdf",
                "multiqc/multiqc_plots/pdf/fastqc_per_base_n_content_plot.pdf",
                "multiqc/multiqc_plots/pdf/fastqc_per_base_sequence_quality_plot.pdf",
                "multiqc/multiqc_plots/pdf/fastqc_per_sequence_gc_content_plot_Counts.pdf",
                "multiqc/multiqc_plots/pdf/fastqc_per_sequence_gc_content_plot_Percentages.pdf",
                "multiqc/multiqc_plots/pdf/fastqc_per_sequence_quality_scores_plot.pdf",
                "multiqc/multiqc_plots/pdf/fastqc_sequence_counts_plot-cnt.pdf",
                "multiqc/multiqc_plots/pdf/fastqc_sequence_counts_plot-pct.pdf",
                "multiqc/multiqc_plots/pdf/fastqc_sequence_duplication_levels_plot.pdf",
                "multiqc/multiqc_plots/pdf/fastqc_top_overrepresented_sequences_table.pdf",
                "multiqc/multiqc_plots/pdf/general_stats_table.pdf",
                "multiqc/multiqc_plots/png",
                "multiqc/multiqc_plots/png/bcl2fastq-lane-stats-table.png",
                "multiqc/multiqc_plots/png/bcl2fastq_lane_counts-cnt.png",
                "multiqc/multiqc_plots/png/bcl2fastq_lane_counts-pct.png",
                "multiqc/multiqc_plots/png/bcl2fastq_sample_counts-cnt.png",
                "multiqc/multiqc_plots/png/bcl2fastq_sample_counts-pct.png",
                "multiqc/multiqc_plots/png/bcl2fastq_undetermined-cnt.png",
                "multiqc/multiqc_plots/png/bcl2fastq_undetermined-pct.png",
                "multiqc/multiqc_plots/png/fastp-seq-content-gc-plot_Read_1_After_filtering.png",
                "multiqc/multiqc_plots/png/fastp-seq-content-gc-plot_Read_1_Before_filtering.png",
                "multiqc/multiqc_plots/png/fastp-seq-content-n-plot_Read_1_After_filtering.png",
                "multiqc/multiqc_plots/png/fastp-seq-content-n-plot_Read_1_Before_filtering.png",
                "multiqc/multiqc_plots/png/fastp-seq-quality-plot_Read_1_After_filtering.png",
                "multiqc/multiqc_plots/png/fastp-seq-quality-plot_Read_1_Before_filtering.png",
                "multiqc/multiqc_plots/png/fastp_filtered_reads_plot-cnt.png",
                "multiqc/multiqc_plots/png/fastp_filtered_reads_plot-pct.png",
                "multiqc/multiqc_plots/png/fastqc-status-check-heatmap.png",
                "multiqc/multiqc_plots/png/fastqc_per_base_n_content_plot.png",
                "multiqc/multiqc_plots/png/fastqc_per_base_sequence_quality_plot.png",
                "multiqc/multiqc_plots/png/fastqc_per_sequence_gc_content_plot_Counts.png",
                "multiqc/multiqc_plots/png/fastqc_per_sequence_gc_content_plot_Percentages.png",
                "multiqc/multiqc_plots/png/fastqc_per_sequence_quality_scores_plot.png",
                "multiqc/multiqc_plots/png/fastqc_sequence_counts_plot-cnt.png",
                "multiqc/multiqc_plots/png/fastqc_sequence_counts_plot-pct.png",
                "multiqc/multiqc_plots/png/fastqc_sequence_duplication_levels_plot.png",
                "multiqc/multiqc_plots/png/fastqc_top_overrepresented_sequences_table.png",
                "multiqc/multiqc_plots/png/general_stats_table.png",
                "multiqc/multiqc_plots/svg",
                "multiqc/multiqc_plots/svg/bcl2fastq-lane-stats-table.svg",
                "multiqc/multiqc_plots/svg/bcl2fastq_lane_counts-cnt.svg",
                "multiqc/multiqc_plots/svg/bcl2fastq_lane_counts-pct.svg",
                "multiqc/multiqc_plots/svg/bcl2fastq_sample_counts-cnt.svg",
                "multiqc/multiqc_plots/svg/bcl2fastq_sample_counts-pct.svg",
                "multiqc/multiqc_plots/svg/bcl2fastq_undetermined-cnt.svg",
                "multiqc/multiqc_plots/svg/bcl2fastq_undetermined-pct.svg",
                "multiqc/multiqc_plots/svg/fastp-seq-content-gc-plot_Read_1_After_filtering.svg",
                "multiqc/multiqc_plots/svg/fastp-seq-content-gc-plot_Read_1_Before_filtering.svg",
                "multiqc/multiqc_plots/svg/fastp-seq-content-n-plot_Read_1_After_filtering.svg",
                "multiqc/multiqc_plots/svg/fastp-seq-content-n-plot_Read_1_Before_filtering.svg",
                "multiqc/multiqc_plots/svg/fastp-seq-quality-plot_Read_1_After_filtering.svg",
                "multiqc/multiqc_plots/svg/fastp-seq-quality-plot_Read_1_Before_filtering.svg",
                "multiqc/multiqc_plots/svg/fastp_filtered_reads_plot-cnt.svg",
                "multiqc/multiqc_plots/svg/fastp_filtered_reads_plot-pct.svg",
                "multiqc/multiqc_plots/svg/fastqc-status-check-heatmap.svg",
                "multiqc/multiqc_plots/svg/fastqc_per_base_n_content_plot.svg",
                "multiqc/multiqc_plots/svg/fastqc_per_base_sequence_quality_plot.svg",
                "multiqc/multiqc_plots/svg/fastqc_per_sequence_gc_content_plot_Counts.svg",
                "multiqc/multiqc_plots/svg/fastqc_per_sequence_gc_content_plot_Percentages.svg",
                "multiqc/multiqc_plots/svg/fastqc_per_sequence_quality_scores_plot.svg",
                "multiqc/multiqc_plots/svg/fastqc_sequence_counts_plot-cnt.svg",
                "multiqc/multiqc_plots/svg/fastqc_sequence_counts_plot-pct.svg",
                "multiqc/multiqc_plots/svg/fastqc_sequence_duplication_levels_plot.svg",
                "multiqc/multiqc_plots/svg/fastqc_top_overrepresented_sequences_table.svg",
                "multiqc/multiqc_plots/svg/general_stats_table.svg",
                "multiqc/multiqc_report.html",
                "pipeline_info",
                "pipeline_info/nf_core_pipeline_software_mqc_versions.yml",
                "samplesheet",
                "samplesheet/atacseq_samplesheet.csv",
                "samplesheet/rnaseq_samplesheet.csv",
                "samplesheet/taxprofiler_samplesheet.csv"
            ],
            [
                "220422_M11111_0222_000000000-K9H97.lane1_no_adapters.csv:md5,ee5db2e12754e069998b0a96e535238c",
                "ControlMetricsOut.bin:md5,6d77b38d0793a6e1ce1e85706e488953",
                "CorrectedIntMetricsOut.bin:md5,2bbf84d3be72734addaa2fe794711434",
                "ErrorMetricsOut.bin:md5,38c88def138e9bb832539911affdb286",
                "ExtractionMetricsOut.bin:md5,7497c3178837eea8f09350b5cd252e99",
                "IndexMetricsOut.bin:md5,9e688c58a5487b8eaf69c9e1005ad0bf",
                "QMetricsOut.bin:md5,7e9f198d53ebdfbb699a5f94cf1ed51c",
                "TileMetricsOut.bin:md5,83891751ec1c91a425a524b476b6ca3c",
                "Report.css:md5,eb7d3eb68fc1539f411404987246b59b",
                "index.html:md5,5747c407854ae2c358d0ec201ce622d8",
                "tree.html:md5,a1b9bf592973ca829ec69ddf888b7e34",
                "Sample1_S1_L001.fastp.fastq.gz:md5,64639ff33d4b07d62a9079f88cbbd373",
                "Sample1_S1_L001.fastp.fastq.gz.md5:md5,c3cd96f3a22fb6afbaa1df324814d54c",
                "Sample1_S1_L001.fastp.json:md5,d9d2d702f3c64412a04cd0768863b1ab",
                "Sample1_S1_L001_R1_001.fastq.gz:md5,0675fb6365322eaafb33c0f8e862b54b",
                "Sample1_S1_L001_fastqc_data.txt:md5,0adf4e2617f55fabba0663583c1f65b7",
                "Sample1_S1_L001_summary.txt:md5,510c6b8a26ff8d530950c05b3ca5a1c6",
                "AdapterTrimming.txt:md5,48ed2b914b1246c0b5d8667525550946",
                "DemultiplexingStats.xml:md5,2047ff18f5b9107c084de06e9ff943ad",
                "FastqSummaryF1L1.txt:md5,0c6f2d87ee183b84d1051cde9a5643d1",
                "bcl2fastq-lane-stats-table.txt:md5,d0e821a9c0ccf7da808c5dd05e99ddc2",
                "bcl2fastq_lane_counts.txt:md5,9404ab530f43e442093337dd10c351c5",
                "bcl2fastq_sample_counts.txt:md5,93cb0cd1aee1b464f0e640e1c3d0c142",
                "fastp-seq-content-gc-plot_Read_1_After_filtering.txt:md5,8105d4ce1d752e1f8a26e4291e8d9c6c",
                "fastp-seq-content-gc-plot_Read_1_Before_filtering.txt:md5,0ac68e41c4de8ca35a1cd6ee7c6cb3f3",
                "fastp-seq-content-n-plot_Read_1_After_filtering.txt:md5,1ec69a9fd0d46a39dfb59e377733e98b",
                "fastp-seq-content-n-plot_Read_1_Before_filtering.txt:md5,1ec69a9fd0d46a39dfb59e377733e98b",
                "fastp-seq-quality-plot_Read_1_After_filtering.txt:md5,1701b40c23dca068210f5410788e3be1",
                "fastp-seq-quality-plot_Read_1_Before_filtering.txt:md5,35de9aebdc467b1bbc9fd1f40d3aece4",
                "fastp_filtered_reads_plot.txt:md5,fa14a1941e109d4104c33db0e5fe20fc",
                "fastqc_per_base_n_content_plot.txt:md5,d7db99124db8f53d82c51c779ce77463",
                "fastqc_per_base_sequence_quality_plot.txt:md5,31c51bbd7d4dbb32107efa95c8a58ee5",
                "fastqc_per_sequence_gc_content_plot_Counts.txt:md5,842eaa1c62a8e6676b4b07226bda998b",
                "fastqc_per_sequence_gc_content_plot_Percentages.txt:md5,b231390d458d0bfdf4fa1360a776e03c",
                "fastqc_per_sequence_quality_scores_plot.txt:md5,edbe64e0545cb866af73a649349d2a42",
                "fastqc_sequence_counts_plot.txt:md5,662c69090978601ca7d39504b1ac736b",
                "fastqc_sequence_duplication_levels_plot.txt:md5,cc02a5151984c0a9fdf8316bfb05088b",
                "multiqc_bcl2fastq_bysample.txt:md5,baaa56d8315c18633f6ce6568d6f0657",
                "multiqc_citations.txt:md5,d35df50e9903a96a2b3bce3c1fbc8ad2"
            ]
        ],
        "meta": {
            "nf-test": "0.9.2",
            "nextflow": "24.10.1"
        },
        "timestamp": "2024-11-21T18:44:03.754694052"
    },
    "taxprofiler_samplesheet": {
        "content": [
            true
        ],
        "meta": {
            "nf-test": "0.9.0",
            "nextflow": "24.04.4"
        },
        "timestamp": "2024-10-30T15:27:23.563785123"
    }
}