{
    "rnaseq_samplesheet": {
        "content": [
            true
        ],
        "meta": {
            "nf-test": "0.9.0",
            "nextflow": "24.04.4"
        },
        "timestamp": "2024-10-30T15:33:18.621857802"
    },
    "BCL-CONVERT-mini": {
        "content": [
            23,
            {
                "BCLCONVERT": {
                    "bclconvert": "4.3.6"
                },
                "FALCO": {
                    "falco": "1.2.1"
                },
                "FASTP": {
                    "fastp": "0.23.4"
                },
                "MD5SUM": {
                    "md5sum": 8.3
                },
                "Workflow": {
                    "nf-core/demultiplex": "v1.5.3dev"
                }
            },
            [
                "miniseq_truseq_smrna",
                "miniseq_truseq_smrna/HBRR1_S1_L001.fastp.fastq.gz",
                "miniseq_truseq_smrna/HBRR1_S1_L001.fastp.fastq.gz.md5",
                "miniseq_truseq_smrna/HBRR1_S1_L001.fastp.html",
                "miniseq_truseq_smrna/HBRR1_S1_L001.fastp.json",
                "miniseq_truseq_smrna/HBRR1_S1_L001_R1_001.fastq.gz",
                "miniseq_truseq_smrna/HBRR1_S1_L001_fastqc_data.txt",
                "miniseq_truseq_smrna/HBRR1_S1_L001_report.html",
                "miniseq_truseq_smrna/HBRR1_S1_L001_summary.txt",
                "miniseq_truseq_smrna/HBRR2_S2_L001.fastp.fastq.gz",
                "miniseq_truseq_smrna/HBRR2_S2_L001.fastp.fastq.gz.md5",
                "miniseq_truseq_smrna/HBRR2_S2_L001.fastp.html",
                "miniseq_truseq_smrna/HBRR2_S2_L001.fastp.json",
                "miniseq_truseq_smrna/HBRR2_S2_L001_R1_001.fastq.gz",
                "miniseq_truseq_smrna/HBRR2_S2_L001_fastqc_data.txt",
                "miniseq_truseq_smrna/HBRR2_S2_L001_report.html",
                "miniseq_truseq_smrna/HBRR2_S2_L001_summary.txt",
                "miniseq_truseq_smrna/HBRR3_S3_L001.fastp.fastq.gz",
                "miniseq_truseq_smrna/HBRR3_S3_L001.fastp.fastq.gz.md5",
                "miniseq_truseq_smrna/HBRR3_S3_L001.fastp.html",
                "miniseq_truseq_smrna/HBRR3_S3_L001.fastp.json",
                "miniseq_truseq_smrna/HBRR3_S3_L001_R1_001.fastq.gz",
                "miniseq_truseq_smrna/HBRR3_S3_L001_fastqc_data.txt",
                "miniseq_truseq_smrna/HBRR3_S3_L001_report.html",
                "miniseq_truseq_smrna/HBRR3_S3_L001_summary.txt",
                "miniseq_truseq_smrna/InterOp",
                "miniseq_truseq_smrna/InterOp/CorrectedIntMetricsOut.bin",
                "miniseq_truseq_smrna/InterOp/EmpiricalPhasingMetricsOut.bin",
                "miniseq_truseq_smrna/InterOp/ErrorMetricsOut.bin",
                "miniseq_truseq_smrna/InterOp/EventMetricsOut.bin",
                "miniseq_truseq_smrna/InterOp/ExtendedTileMetricsOut.bin",
                "miniseq_truseq_smrna/InterOp/ExtractionMetricsOut.bin",
                "miniseq_truseq_smrna/InterOp/FWHMGridMetricsOut.bin",
                "miniseq_truseq_smrna/InterOp/ImageMetricsOut.bin",
                "miniseq_truseq_smrna/InterOp/IndexMetricsOut.bin",
                "miniseq_truseq_smrna/InterOp/PFGridMetricsOut.bin",
                "miniseq_truseq_smrna/InterOp/QMetrics2030Out.bin",
                "miniseq_truseq_smrna/InterOp/QMetricsByLaneOut.bin",
                "miniseq_truseq_smrna/InterOp/QMetricsOut.bin",
                "miniseq_truseq_smrna/InterOp/RegistrationMetricsOut.bin",
                "miniseq_truseq_smrna/InterOp/TileMetricsOut.bin",
                "miniseq_truseq_smrna/Reports",
                "miniseq_truseq_smrna/Reports/Adapter_Cycle_Metrics.csv",
                "miniseq_truseq_smrna/Reports/Adapter_Metrics.csv",
                "miniseq_truseq_smrna/Reports/Demultiplex_Stats.csv",
                "miniseq_truseq_smrna/Reports/Demultiplex_Tile_Stats.csv",
                "miniseq_truseq_smrna/Reports/IndexMetricsOut.bin",
                "miniseq_truseq_smrna/Reports/Index_Hopping_Counts.csv",
                "miniseq_truseq_smrna/Reports/Quality_Metrics.csv",
                "miniseq_truseq_smrna/Reports/Quality_Tile_Metrics.csv",
                "miniseq_truseq_smrna/Reports/RunInfo.xml",
                "miniseq_truseq_smrna/Reports/SampleSheet.csv",
                "miniseq_truseq_smrna/Reports/Top_Unknown_Barcodes.csv",
                "miniseq_truseq_smrna/Reports/fastq_list.csv",
                "miniseq_truseq_smrna/UHRR1_S4_L001.fastp.fastq.gz",
                "miniseq_truseq_smrna/UHRR1_S4_L001.fastp.fastq.gz.md5",
                "miniseq_truseq_smrna/UHRR1_S4_L001.fastp.html",
                "miniseq_truseq_smrna/UHRR1_S4_L001.fastp.json",
                "miniseq_truseq_smrna/UHRR1_S4_L001_R1_001.fastq.gz",
                "miniseq_truseq_smrna/UHRR1_S4_L001_fastqc_data.txt",
                "miniseq_truseq_smrna/UHRR1_S4_L001_report.html",
                "miniseq_truseq_smrna/UHRR1_S4_L001_summary.txt",
                "miniseq_truseq_smrna/UHRR2_S5_L001.fastp.fastq.gz",
                "miniseq_truseq_smrna/UHRR2_S5_L001.fastp.fastq.gz.md5",
                "miniseq_truseq_smrna/UHRR2_S5_L001.fastp.html",
                "miniseq_truseq_smrna/UHRR2_S5_L001.fastp.json",
                "miniseq_truseq_smrna/UHRR2_S5_L001_R1_001.fastq.gz",
                "miniseq_truseq_smrna/UHRR2_S5_L001_fastqc_data.txt",
                "miniseq_truseq_smrna/UHRR2_S5_L001_report.html",
                "miniseq_truseq_smrna/UHRR2_S5_L001_summary.txt",
                "miniseq_truseq_smrna/UHRR3_S6_L001.fastp.fastq.gz",
                "miniseq_truseq_smrna/UHRR3_S6_L001.fastp.fastq.gz.md5",
                "miniseq_truseq_smrna/UHRR3_S6_L001.fastp.html",
                "miniseq_truseq_smrna/UHRR3_S6_L001.fastp.json",
                "miniseq_truseq_smrna/UHRR3_S6_L001_R1_001.fastq.gz",
                "miniseq_truseq_smrna/UHRR3_S6_L001_fastqc_data.txt",
                "miniseq_truseq_smrna/UHRR3_S6_L001_report.html",
                "miniseq_truseq_smrna/UHRR3_S6_L001_summary.txt",
                "miniseq_truseq_smrna/Undetermined_S0_L001_R1_001.fastq.gz",
                "miniseq_truseq_smrna_no_adapters.csv",
                "multiqc",
                "multiqc/multiqc_data",
                "multiqc/multiqc_data/bclconvert-lane-stats-table.txt",
                "multiqc/multiqc_data/bclconvert-sample-stats-table.txt",
                "multiqc/multiqc_data/bclconvert_lane_counts.txt",
                "multiqc/multiqc_data/bclconvert_sample_counts_Counts_per_lane.txt",
                "multiqc/multiqc_data/bclconvert_sample_counts_Index_mismatches.txt",
                "multiqc/multiqc_data/bclconvert_undetermined.txt",
                "multiqc/multiqc_data/fastp-seq-content-gc-plot_Read_1_After_filtering.txt",
                "multiqc/multiqc_data/fastp-seq-content-gc-plot_Read_1_Before_filtering.txt",
                "multiqc/multiqc_data/fastp-seq-content-n-plot_Read_1_After_filtering.txt",
                "multiqc/multiqc_data/fastp-seq-content-n-plot_Read_1_Before_filtering.txt",
                "multiqc/multiqc_data/fastp-seq-quality-plot_Read_1_After_filtering.txt",
                "multiqc/multiqc_data/fastp-seq-quality-plot_Read_1_Before_filtering.txt",
                "multiqc/multiqc_data/fastp_filtered_reads_plot.txt",
                "multiqc/multiqc_data/fastqc-status-check-heatmap.txt",
                "multiqc/multiqc_data/fastqc_adapter_content_plot.txt",
                "multiqc/multiqc_data/fastqc_overrepresented_sequences_plot.txt",
                "multiqc/multiqc_data/fastqc_per_base_n_content_plot.txt",
                "multiqc/multiqc_data/fastqc_per_base_sequence_quality_plot.txt",
                "multiqc/multiqc_data/fastqc_per_sequence_gc_content_plot_Counts.txt",
                "multiqc/multiqc_data/fastqc_per_sequence_gc_content_plot_Percentages.txt",
                "multiqc/multiqc_data/fastqc_per_sequence_quality_scores_plot.txt",
                "multiqc/multiqc_data/fastqc_sequence_counts_plot.txt",
                "multiqc/multiqc_data/fastqc_sequence_duplication_levels_plot.txt",
                "multiqc/multiqc_data/fastqc_sequence_length_distribution_plot.txt",
                "multiqc/multiqc_data/fastqc_top_overrepresented_sequences_table.txt",
                "multiqc/multiqc_data/multiqc.log",
                "multiqc/multiqc_data/multiqc_bclconvert_bylane.txt",
                "multiqc/multiqc_data/multiqc_bclconvert_bysample.txt",
                "multiqc/multiqc_data/multiqc_citations.txt",
                "multiqc/multiqc_data/multiqc_data.json",
                "multiqc/multiqc_data/multiqc_fastp.txt",
                "multiqc/multiqc_data/multiqc_fastqc.txt",
                "multiqc/multiqc_data/multiqc_general_stats.txt",
                "multiqc/multiqc_data/multiqc_software_versions.txt",
                "multiqc/multiqc_data/multiqc_sources.txt",
                "multiqc/multiqc_plots",
                "multiqc/multiqc_plots/pdf",
                "multiqc/multiqc_plots/pdf/bclconvert-lane-stats-table.pdf",
                "multiqc/multiqc_plots/pdf/bclconvert-sample-stats-table.pdf",
                "multiqc/multiqc_plots/pdf/bclconvert_lane_counts-cnt.pdf",
                "multiqc/multiqc_plots/pdf/bclconvert_lane_counts-pct.pdf",
                "multiqc/multiqc_plots/pdf/bclconvert_sample_counts_Counts_per_lane-cnt.pdf",
                "multiqc/multiqc_plots/pdf/bclconvert_sample_counts_Counts_per_lane-pct.pdf",
                "multiqc/multiqc_plots/pdf/bclconvert_sample_counts_Index_mismatches-cnt.pdf",
                "multiqc/multiqc_plots/pdf/bclconvert_sample_counts_Index_mismatches-pct.pdf",
                "multiqc/multiqc_plots/pdf/bclconvert_undetermined-cnt.pdf",
                "multiqc/multiqc_plots/pdf/bclconvert_undetermined-pct.pdf",
                "multiqc/multiqc_plots/pdf/fastp-seq-content-gc-plot_Read_1_After_filtering.pdf",
                "multiqc/multiqc_plots/pdf/fastp-seq-content-gc-plot_Read_1_Before_filtering.pdf",
                "multiqc/multiqc_plots/pdf/fastp-seq-content-n-plot_Read_1_After_filtering.pdf",
                "multiqc/multiqc_plots/pdf/fastp-seq-content-n-plot_Read_1_Before_filtering.pdf",
                "multiqc/multiqc_plots/pdf/fastp-seq-quality-plot_Read_1_After_filtering.pdf",
                "multiqc/multiqc_plots/pdf/fastp-seq-quality-plot_Read_1_Before_filtering.pdf",
                "multiqc/multiqc_plots/pdf/fastp_filtered_reads_plot-cnt.pdf",
                "multiqc/multiqc_plots/pdf/fastp_filtered_reads_plot-pct.pdf",
                "multiqc/multiqc_plots/pdf/fastqc-status-check-heatmap.pdf",
                "multiqc/multiqc_plots/pdf/fastqc_adapter_content_plot.pdf",
                "multiqc/multiqc_plots/pdf/fastqc_overrepresented_sequences_plot.pdf",
                "multiqc/multiqc_plots/pdf/fastqc_per_base_n_content_plot.pdf",
                "multiqc/multiqc_plots/pdf/fastqc_per_base_sequence_quality_plot.pdf",
                "multiqc/multiqc_plots/pdf/fastqc_per_sequence_gc_content_plot_Counts.pdf",
                "multiqc/multiqc_plots/pdf/fastqc_per_sequence_gc_content_plot_Percentages.pdf",
                "multiqc/multiqc_plots/pdf/fastqc_per_sequence_quality_scores_plot.pdf",
                "multiqc/multiqc_plots/pdf/fastqc_sequence_counts_plot-cnt.pdf",
                "multiqc/multiqc_plots/pdf/fastqc_sequence_counts_plot-pct.pdf",
                "multiqc/multiqc_plots/pdf/fastqc_sequence_duplication_levels_plot.pdf",
                "multiqc/multiqc_plots/pdf/fastqc_sequence_length_distribution_plot.pdf",
                "multiqc/multiqc_plots/pdf/fastqc_top_overrepresented_sequences_table.pdf",
                "multiqc/multiqc_plots/pdf/general_stats_table.pdf",
                "multiqc/multiqc_plots/png",
                "multiqc/multiqc_plots/png/bclconvert-lane-stats-table.png",
                "multiqc/multiqc_plots/png/bclconvert-sample-stats-table.png",
                "multiqc/multiqc_plots/png/bclconvert_lane_counts-cnt.png",
                "multiqc/multiqc_plots/png/bclconvert_lane_counts-pct.png",
                "multiqc/multiqc_plots/png/bclconvert_sample_counts_Counts_per_lane-cnt.png",
                "multiqc/multiqc_plots/png/bclconvert_sample_counts_Counts_per_lane-pct.png",
                "multiqc/multiqc_plots/png/bclconvert_sample_counts_Index_mismatches-cnt.png",
                "multiqc/multiqc_plots/png/bclconvert_sample_counts_Index_mismatches-pct.png",
                "multiqc/multiqc_plots/png/bclconvert_undetermined-cnt.png",
                "multiqc/multiqc_plots/png/bclconvert_undetermined-pct.png",
                "multiqc/multiqc_plots/png/fastp-seq-content-gc-plot_Read_1_After_filtering.png",
                "multiqc/multiqc_plots/png/fastp-seq-content-gc-plot_Read_1_Before_filtering.png",
                "multiqc/multiqc_plots/png/fastp-seq-content-n-plot_Read_1_After_filtering.png",
                "multiqc/multiqc_plots/png/fastp-seq-content-n-plot_Read_1_Before_filtering.png",
                "multiqc/multiqc_plots/png/fastp-seq-quality-plot_Read_1_After_filtering.png",
                "multiqc/multiqc_plots/png/fastp-seq-quality-plot_Read_1_Before_filtering.png",
                "multiqc/multiqc_plots/png/fastp_filtered_reads_plot-cnt.png",
                "multiqc/multiqc_plots/png/fastp_filtered_reads_plot-pct.png",
                "multiqc/multiqc_plots/png/fastqc-status-check-heatmap.png",
                "multiqc/multiqc_plots/png/fastqc_adapter_content_plot.png",
                "multiqc/multiqc_plots/png/fastqc_overrepresented_sequences_plot.png",
                "multiqc/multiqc_plots/png/fastqc_per_base_n_content_plot.png",
                "multiqc/multiqc_plots/png/fastqc_per_base_sequence_quality_plot.png",
                "multiqc/multiqc_plots/png/fastqc_per_sequence_gc_content_plot_Counts.png",
                "multiqc/multiqc_plots/png/fastqc_per_sequence_gc_content_plot_Percentages.png",
                "multiqc/multiqc_plots/png/fastqc_per_sequence_quality_scores_plot.png",
                "multiqc/multiqc_plots/png/fastqc_sequence_counts_plot-cnt.png",
                "multiqc/multiqc_plots/png/fastqc_sequence_counts_plot-pct.png",
                "multiqc/multiqc_plots/png/fastqc_sequence_duplication_levels_plot.png",
                "multiqc/multiqc_plots/png/fastqc_sequence_length_distribution_plot.png",
                "multiqc/multiqc_plots/png/fastqc_top_overrepresented_sequences_table.png",
                "multiqc/multiqc_plots/png/general_stats_table.png",
                "multiqc/multiqc_plots/svg",
                "multiqc/multiqc_plots/svg/bclconvert-lane-stats-table.svg",
                "multiqc/multiqc_plots/svg/bclconvert-sample-stats-table.svg",
                "multiqc/multiqc_plots/svg/bclconvert_lane_counts-cnt.svg",
                "multiqc/multiqc_plots/svg/bclconvert_lane_counts-pct.svg",
                "multiqc/multiqc_plots/svg/bclconvert_sample_counts_Counts_per_lane-cnt.svg",
                "multiqc/multiqc_plots/svg/bclconvert_sample_counts_Counts_per_lane-pct.svg",
                "multiqc/multiqc_plots/svg/bclconvert_sample_counts_Index_mismatches-cnt.svg",
                "multiqc/multiqc_plots/svg/bclconvert_sample_counts_Index_mismatches-pct.svg",
                "multiqc/multiqc_plots/svg/bclconvert_undetermined-cnt.svg",
                "multiqc/multiqc_plots/svg/bclconvert_undetermined-pct.svg",
                "multiqc/multiqc_plots/svg/fastp-seq-content-gc-plot_Read_1_After_filtering.svg",
                "multiqc/multiqc_plots/svg/fastp-seq-content-gc-plot_Read_1_Before_filtering.svg",
                "multiqc/multiqc_plots/svg/fastp-seq-content-n-plot_Read_1_After_filtering.svg",
                "multiqc/multiqc_plots/svg/fastp-seq-content-n-plot_Read_1_Before_filtering.svg",
                "multiqc/multiqc_plots/svg/fastp-seq-quality-plot_Read_1_After_filtering.svg",
                "multiqc/multiqc_plots/svg/fastp-seq-quality-plot_Read_1_Before_filtering.svg",
                "multiqc/multiqc_plots/svg/fastp_filtered_reads_plot-cnt.svg",
                "multiqc/multiqc_plots/svg/fastp_filtered_reads_plot-pct.svg",
                "multiqc/multiqc_plots/svg/fastqc-status-check-heatmap.svg",
                "multiqc/multiqc_plots/svg/fastqc_adapter_content_plot.svg",
                "multiqc/multiqc_plots/svg/fastqc_overrepresented_sequences_plot.svg",
                "multiqc/multiqc_plots/svg/fastqc_per_base_n_content_plot.svg",
                "multiqc/multiqc_plots/svg/fastqc_per_base_sequence_quality_plot.svg",
                "multiqc/multiqc_plots/svg/fastqc_per_sequence_gc_content_plot_Counts.svg",
                "multiqc/multiqc_plots/svg/fastqc_per_sequence_gc_content_plot_Percentages.svg",
                "multiqc/multiqc_plots/svg/fastqc_per_sequence_quality_scores_plot.svg",
                "multiqc/multiqc_plots/svg/fastqc_sequence_counts_plot-cnt.svg",
                "multiqc/multiqc_plots/svg/fastqc_sequence_counts_plot-pct.svg",
                "multiqc/multiqc_plots/svg/fastqc_sequence_duplication_levels_plot.svg",
                "multiqc/multiqc_plots/svg/fastqc_sequence_length_distribution_plot.svg",
                "multiqc/multiqc_plots/svg/fastqc_top_overrepresented_sequences_table.svg",
                "multiqc/multiqc_plots/svg/general_stats_table.svg",
                "multiqc/multiqc_report.html",
                "pipeline_info",
                "pipeline_info/nf_core_pipeline_software_mqc_versions.yml",
                "samplesheet",
                "samplesheet/atacseq_samplesheet.csv",
                "samplesheet/rnaseq_samplesheet.csv",
                "samplesheet/taxprofiler_samplesheet.csv"
            ],
            [
                "HBRR1_S1_L001.fastp.fastq.gz:md5,451657490d4816dd5ff904e34ecc7fdf",
                "HBRR1_S1_L001.fastp.fastq.gz.md5:md5,573455dfd3f2e7fa6b1eee838659c03a",
                "HBRR1_S1_L001.fastp.json:md5,d34d8a4237b3ff4585f5b3fc84172d02",
                "HBRR1_S1_L001_R1_001.fastq.gz:md5,451657490d4816dd5ff904e34ecc7fdf",
                "HBRR1_S1_L001_fastqc_data.txt:md5,e3ef09af2b44d86b7b32494f1ce5fc4c",
                "HBRR1_S1_L001_summary.txt:md5,53a5e6bac1e853f23d27d6966e52df81",
                "HBRR2_S2_L001.fastp.fastq.gz:md5,3b9e4fc70ebc608b48d1f0027265e9b8",
                "HBRR2_S2_L001.fastp.fastq.gz.md5:md5,50fbb4ab07c7641277f2f7352babe4bd",
                "HBRR2_S2_L001.fastp.json:md5,f0ff03f6bf6c1a3878ae2eebba0f070d",
                "HBRR2_S2_L001_R1_001.fastq.gz:md5,3b9e4fc70ebc608b48d1f0027265e9b8",
                "HBRR2_S2_L001_fastqc_data.txt:md5,1c5127f5835c98503af2c7fa98da2982",
                "HBRR2_S2_L001_summary.txt:md5,f3e0bc27d30d0f6e10ad76be47017881",
                "HBRR3_S3_L001.fastp.fastq.gz:md5,a110eefaee1da4d99398500e55919f0c",
                "HBRR3_S3_L001.fastp.fastq.gz.md5:md5,e744c0e523aa5cd3d5422ded60f28109",
                "HBRR3_S3_L001.fastp.json:md5,c2abb3a7d3e46392cad6b0230d744ac2",
                "HBRR3_S3_L001_R1_001.fastq.gz:md5,a110eefaee1da4d99398500e55919f0c",
                "HBRR3_S3_L001_fastqc_data.txt:md5,33a618ec1d0f8d16987adf55115a89ae",
                "HBRR3_S3_L001_summary.txt:md5,fbe9c4281a768a826429e328f5eb2a34",
                "CorrectedIntMetricsOut.bin:md5,4d82e208f18bfd51a5f9275e05d073ba",
                "EmpiricalPhasingMetricsOut.bin:md5,0e9d6b71c90661d800b1129a0097c301",
                "ErrorMetricsOut.bin:md5,dbc41ced845d7645451c6995e5774c0b",
                "EventMetricsOut.bin:md5,5a93a812df6a55e6d7a0f26bdf176e93",
                "ExtendedTileMetricsOut.bin:md5,5ffaee26c4ed0074f69d8c62293118f9",
                "ExtractionMetricsOut.bin:md5,a4d4c0d3b9afe453fae7ca6118c9346d",
                "FWHMGridMetricsOut.bin:md5,80e7c3652f72edbc5f661a1f1b3b28fc",
                "ImageMetricsOut.bin:md5,2dddf68f924261ab37f83e8ee750b6f2",
                "IndexMetricsOut.bin:md5,e63ea5cfa848feab8a40ba469ff46845",
                "PFGridMetricsOut.bin:md5,e65fed6f9594655657521a5359759b01",
                "QMetrics2030Out.bin:md5,670b3c089d4d264103a01105d12abbe8",
                "QMetricsByLaneOut.bin:md5,b6d8d8ff4144f33a3f4304743db53f97",
                "QMetricsOut.bin:md5,13fee543cefb5d5ae1c108ccbb07f0e6",
                "RegistrationMetricsOut.bin:md5,b201979275957afbbcea634698afc352",
                "TileMetricsOut.bin:md5,0d2aa2c7e39eb33e61d2ed248068ed9d",
                "Adapter_Cycle_Metrics.csv:md5,757778bb0ee048463c423dff14133a51",
                "Adapter_Metrics.csv:md5,5cbba841c650097f1e759c2b75c7a005",
                "Demultiplex_Stats.csv:md5,40c3efd7ffb9d02fcc97028f6ee98c96",
                "Demultiplex_Tile_Stats.csv:md5,916e3e488c4ed847249d7d46401a57ff",
                "IndexMetricsOut.bin:md5,9a6ad90fd45b3abd2360285feff76509",
                "Index_Hopping_Counts.csv:md5,1059369e375fd8f8423c0f6c934be978",
                "Quality_Metrics.csv:md5,215e001631d9383f73360975d5726f14",
                "Quality_Tile_Metrics.csv:md5,122f967d30318f79f5a7ef59339f8275",
                "RunInfo.xml:md5,d3d94b916915b35224ec362c64542190",
                "SampleSheet.csv:md5,c32433167a5c56d5c15952c2e7948898",
                "Top_Unknown_Barcodes.csv:md5,b5fa3ea9ba12fd35650e36e6c5cbdc99",
                "fastq_list.csv:md5,07cbe4173e18cbdef16ee8feb4adaf7d",
                "UHRR1_S4_L001.fastp.fastq.gz:md5,03f215bcb4005804f60acccfe4aaef78",
                "UHRR1_S4_L001.fastp.fastq.gz.md5:md5,baa87b03873661fc6c7f318e4b19de55",
                "UHRR1_S4_L001.fastp.json:md5,6b50a023754acafdd32c2bb103650a83",
                "UHRR1_S4_L001_R1_001.fastq.gz:md5,b470c82d2002c563c42786060ae364b9",
                "UHRR1_S4_L001_fastqc_data.txt:md5,be145fdf6b50140c98d7590d85e891f2",
                "UHRR1_S4_L001_summary.txt:md5,c6c342cbcad3fc68343284c24e4a8b4a",
                "UHRR2_S5_L001.fastp.fastq.gz:md5,2186d5f37865f970d223953e9a5412ae",
                "UHRR2_S5_L001.fastp.fastq.gz.md5:md5,3996768dfb0c678b758399ca0aecb4dd",
                "UHRR2_S5_L001.fastp.json:md5,db5ef9bec3dd04d37ada557785f43fb7",
                "UHRR2_S5_L001_R1_001.fastq.gz:md5,47c36adf557bf4d37b0a84d055125290",
                "UHRR2_S5_L001_fastqc_data.txt:md5,da424cfd66107dc895705fbdd5e7c94b",
                "UHRR2_S5_L001_summary.txt:md5,121a0aeaf860fae497a27e8eceff3283",
                "UHRR3_S6_L001.fastp.fastq.gz:md5,674c4989c2270d88612fcf221e3e0950",
                "UHRR3_S6_L001.fastp.fastq.gz.md5:md5,22f315bfc3ebbe1fbf9eeca758fdd137",
                "UHRR3_S6_L001.fastp.json:md5,1e08e9fa69ad134ef69dc11cbbfd03ef",
                "UHRR3_S6_L001_R1_001.fastq.gz:md5,bdb407e3ded3691479ec25f5f1df3b07",
                "UHRR3_S6_L001_fastqc_data.txt:md5,8cf45b23b2176f83309b2bd6162adb0d",
                "UHRR3_S6_L001_summary.txt:md5,d7d5a014b51d64e4da1a113a4ad79eda",
                "Undetermined_S0_L001_R1_001.fastq.gz:md5,b0b4daae001636cf033ff760a5ab479d",
                "miniseq_truseq_smrna_no_adapters.csv:md5,c32433167a5c56d5c15952c2e7948898",
                "bclconvert-lane-stats-table.txt:md5,9295e908a296865f1ea271ae4181ab04",
                "bclconvert-sample-stats-table.txt:md5,703e85fc7ef1b3784c02e8fc28e6dbd6",
                "bclconvert_lane_counts.txt:md5,32e8acea6fd6ef76943100329be22fee",
                "bclconvert_sample_counts_Counts_per_lane.txt:md5,2eb58439a3eb1eee508bdce0ee340649",
                "bclconvert_sample_counts_Index_mismatches.txt:md5,94023737055873c151ea9f7e3f563f73",
                "bclconvert_undetermined.txt:md5,3fda7704b2b8cbab81a48ad4e5552243",
                "fastp-seq-content-gc-plot_Read_1_After_filtering.txt:md5,f34d80cbc50fb151f04c9739c62412f0",
                "fastp-seq-content-gc-plot_Read_1_Before_filtering.txt:md5,c50799d5b2e88aaf6d134a0c91799617",
                "fastp-seq-content-n-plot_Read_1_After_filtering.txt:md5,1787c362916517c9b922b7bcd5940bf7",
                "fastp-seq-content-n-plot_Read_1_Before_filtering.txt:md5,ae11e4c047b4f2933fe09261c305c520",
                "fastp-seq-quality-plot_Read_1_After_filtering.txt:md5,d1c9f76c20c4940880126246fa2c3412",
                "fastp-seq-quality-plot_Read_1_Before_filtering.txt:md5,f8b94a819f2b15b5a47c4b1003c32a18",
                "fastp_filtered_reads_plot.txt:md5,8ab004632691b04b665920977beb8924",
                "fastqc_adapter_content_plot.txt:md5,a209adf87470f3a106e95a8636199b66",
                "fastqc_overrepresented_sequences_plot.txt:md5,bf4b46c609cb609742c369cb251f2e2c",
                "fastqc_per_base_n_content_plot.txt:md5,b7793753c3e72a9ecf52e9be83024cb2",
                "fastqc_per_base_sequence_quality_plot.txt:md5,d1c9f76c20c4940880126246fa2c3412",
                "fastqc_per_sequence_gc_content_plot_Counts.txt:md5,0b2a4ff7cf154b2a500236edd1e25702",
                "fastqc_per_sequence_gc_content_plot_Percentages.txt:md5,ee01bcc9619fbb1f817c6c892743f25f",
                "fastqc_per_sequence_quality_scores_plot.txt:md5,97c62777c755c89ed8e7ca802a111329",
                "fastqc_sequence_counts_plot.txt:md5,4b906147cf7e362c83df2bf639d9c213",
                "fastqc_sequence_duplication_levels_plot.txt:md5,6da1431aca488bb451e8a2b03dcb1d59",
                "fastqc_sequence_length_distribution_plot.txt:md5,70de269b5d06021f286c44d3ac91b54b",
                "multiqc_bclconvert_bylane.txt:md5,5067dc968fcca1f47db0663f4d407807",
                "multiqc_bclconvert_bysample.txt:md5,29634775947e43972c864bdb08ceb61e",
                "multiqc_citations.txt:md5,d35df50e9903a96a2b3bce3c1fbc8ad2"
            ]
        ],
        "meta": {
            "nf-test": "0.9.2",
            "nextflow": "24.10.1"
        },
        "timestamp": "2024-11-21T18:49:10.86724814"
    },
    "atacseq_samplesheet": {
        "content": [
            true
        ],
        "meta": {
            "nf-test": "0.9.0",
            "nextflow": "24.04.4"
        },
        "timestamp": "2024-10-30T15:32:05.328537478"
    },
    "taxprofiler_samplesheet": {
        "content": [
            true
        ],
        "meta": {
            "nf-test": "0.9.0",
            "nextflow": "24.04.4"
        },
        "timestamp": "2024-10-30T15:34:31.69965379"
    }
}