{
    "rnaseq_samplesheet": {
        "content": [
            true
        ],
        "meta": {
            "nf-test": "0.9.0",
            "nextflow": "24.04.4"
        },
        "timestamp": "2024-10-30T15:28:48.222041833"
    },
    "BCL-CONVERT": {
        "content": [
            8,
            {
                "BCLCONVERT": {
                    "bclconvert": "4.3.6"
                },
                "FALCO": {
                    "falco": "1.2.1"
                },
                "FASTP": {
                    "fastp": "0.23.4"
                },
                "MD5SUM": {
                    "md5sum": 8.3
                },
                "Workflow": {
                    "nf-core/demultiplex": "v1.5.4"
                }
            },
            [
                "220422_M11111_0222_000000000-K9H97",
                "220422_M11111_0222_000000000-K9H97.lane1_no_adapters.csv",
                "220422_M11111_0222_000000000-K9H97/InterOp",
                "220422_M11111_0222_000000000-K9H97/InterOp/ControlMetricsOut.bin",
                "220422_M11111_0222_000000000-K9H97/InterOp/CorrectedIntMetricsOut.bin",
                "220422_M11111_0222_000000000-K9H97/InterOp/ErrorMetricsOut.bin",
                "220422_M11111_0222_000000000-K9H97/InterOp/ExtractionMetricsOut.bin",
                "220422_M11111_0222_000000000-K9H97/InterOp/IndexMetricsOut.bin",
                "220422_M11111_0222_000000000-K9H97/InterOp/QMetricsOut.bin",
                "220422_M11111_0222_000000000-K9H97/InterOp/TileMetricsOut.bin",
                "220422_M11111_0222_000000000-K9H97/L001",
                "220422_M11111_0222_000000000-K9H97/L001/Reports",
                "220422_M11111_0222_000000000-K9H97/L001/Reports/Adapter_Cycle_Metrics.csv",
                "220422_M11111_0222_000000000-K9H97/L001/Reports/Adapter_Metrics.csv",
                "220422_M11111_0222_000000000-K9H97/L001/Reports/Demultiplex_Stats.csv",
                "220422_M11111_0222_000000000-K9H97/L001/Reports/Demultiplex_Tile_Stats.csv",
                "220422_M11111_0222_000000000-K9H97/L001/Reports/IndexMetricsOut.bin",
                "220422_M11111_0222_000000000-K9H97/L001/Reports/Index_Hopping_Counts.csv",
                "220422_M11111_0222_000000000-K9H97/L001/Reports/Quality_Metrics.csv",
                "220422_M11111_0222_000000000-K9H97/L001/Reports/Quality_Tile_Metrics.csv",
                "220422_M11111_0222_000000000-K9H97/L001/Reports/RunInfo.xml",
                "220422_M11111_0222_000000000-K9H97/L001/Reports/SampleSheet.csv",
                "220422_M11111_0222_000000000-K9H97/L001/Reports/Top_Unknown_Barcodes.csv",
                "220422_M11111_0222_000000000-K9H97/L001/Reports/fastq_list.csv",
                "220422_M11111_0222_000000000-K9H97/L001/Sample1_S1_L001.fastp.fastq.gz",
                "220422_M11111_0222_000000000-K9H97/L001/Sample1_S1_L001.fastp.fastq.gz.md5",
                "220422_M11111_0222_000000000-K9H97/L001/Sample1_S1_L001.fastp.html",
                "220422_M11111_0222_000000000-K9H97/L001/Sample1_S1_L001.fastp.json",
                "220422_M11111_0222_000000000-K9H97/L001/Sample1_S1_L001_R1_001.fastq.gz",
                "220422_M11111_0222_000000000-K9H97/L001/Sample1_S1_L001_fastqc_data.txt",
                "220422_M11111_0222_000000000-K9H97/L001/Sample1_S1_L001_report.html",
                "220422_M11111_0222_000000000-K9H97/L001/Sample1_S1_L001_summary.txt",
                "220422_M11111_0222_000000000-K9H97/L001/Undetermined_S0_L001_R1_001.fastq.gz",
                "multiqc",
                "multiqc/multiqc_data",
                "multiqc/multiqc_data/bclconvert-lane-stats-table.txt",
                "multiqc/multiqc_data/bclconvert-sample-stats-table.txt",
                "multiqc/multiqc_data/bclconvert_lane_counts.txt",
                "multiqc/multiqc_data/bclconvert_sample_counts_Counts_per_lane.txt",
                "multiqc/multiqc_data/bclconvert_sample_counts_Index_mismatches.txt",
                "multiqc/multiqc_data/fastp-seq-content-gc-plot_Read_1_After_filtering.txt",
                "multiqc/multiqc_data/fastp-seq-content-gc-plot_Read_1_Before_filtering.txt",
                "multiqc/multiqc_data/fastp-seq-content-n-plot_Read_1_After_filtering.txt",
                "multiqc/multiqc_data/fastp-seq-content-n-plot_Read_1_Before_filtering.txt",
                "multiqc/multiqc_data/fastp-seq-quality-plot_Read_1_After_filtering.txt",
                "multiqc/multiqc_data/fastp-seq-quality-plot_Read_1_Before_filtering.txt",
                "multiqc/multiqc_data/fastp_filtered_reads_plot.txt",
                "multiqc/multiqc_data/fastqc-status-check-heatmap.txt",
                "multiqc/multiqc_data/fastqc_per_base_n_content_plot.txt",
                "multiqc/multiqc_data/fastqc_per_base_sequence_quality_plot.txt",
                "multiqc/multiqc_data/fastqc_per_sequence_gc_content_plot_Counts.txt",
                "multiqc/multiqc_data/fastqc_per_sequence_gc_content_plot_Percentages.txt",
                "multiqc/multiqc_data/fastqc_per_sequence_quality_scores_plot.txt",
                "multiqc/multiqc_data/fastqc_sequence_counts_plot.txt",
                "multiqc/multiqc_data/fastqc_sequence_duplication_levels_plot.txt",
                "multiqc/multiqc_data/fastqc_top_overrepresented_sequences_table.txt",
                "multiqc/multiqc_data/multiqc.log",
                "multiqc/multiqc_data/multiqc_bclconvert_bylane.txt",
                "multiqc/multiqc_data/multiqc_bclconvert_bysample.txt",
                "multiqc/multiqc_data/multiqc_citations.txt",
                "multiqc/multiqc_data/multiqc_data.json",
                "multiqc/multiqc_data/multiqc_fastp.txt",
                "multiqc/multiqc_data/multiqc_fastqc.txt",
                "multiqc/multiqc_data/multiqc_general_stats.txt",
                "multiqc/multiqc_data/multiqc_software_versions.txt",
                "multiqc/multiqc_data/multiqc_sources.txt",
                "multiqc/multiqc_plots",
                "multiqc/multiqc_plots/pdf",
                "multiqc/multiqc_plots/pdf/bclconvert-lane-stats-table.pdf",
                "multiqc/multiqc_plots/pdf/bclconvert-sample-stats-table.pdf",
                "multiqc/multiqc_plots/pdf/bclconvert_lane_counts-cnt.pdf",
                "multiqc/multiqc_plots/pdf/bclconvert_lane_counts-pct.pdf",
                "multiqc/multiqc_plots/pdf/bclconvert_sample_counts_Counts_per_lane-cnt.pdf",
                "multiqc/multiqc_plots/pdf/bclconvert_sample_counts_Counts_per_lane-pct.pdf",
                "multiqc/multiqc_plots/pdf/bclconvert_sample_counts_Index_mismatches-cnt.pdf",
                "multiqc/multiqc_plots/pdf/bclconvert_sample_counts_Index_mismatches-pct.pdf",
                "multiqc/multiqc_plots/pdf/fastp-seq-content-gc-plot_Read_1_After_filtering.pdf",
                "multiqc/multiqc_plots/pdf/fastp-seq-content-gc-plot_Read_1_Before_filtering.pdf",
                "multiqc/multiqc_plots/pdf/fastp-seq-content-n-plot_Read_1_After_filtering.pdf",
                "multiqc/multiqc_plots/pdf/fastp-seq-content-n-plot_Read_1_Before_filtering.pdf",
                "multiqc/multiqc_plots/pdf/fastp-seq-quality-plot_Read_1_After_filtering.pdf",
                "multiqc/multiqc_plots/pdf/fastp-seq-quality-plot_Read_1_Before_filtering.pdf",
                "multiqc/multiqc_plots/pdf/fastp_filtered_reads_plot-cnt.pdf",
                "multiqc/multiqc_plots/pdf/fastp_filtered_reads_plot-pct.pdf",
                "multiqc/multiqc_plots/pdf/fastqc-status-check-heatmap.pdf",
                "multiqc/multiqc_plots/pdf/fastqc_per_base_n_content_plot.pdf",
                "multiqc/multiqc_plots/pdf/fastqc_per_base_sequence_quality_plot.pdf",
                "multiqc/multiqc_plots/pdf/fastqc_per_sequence_gc_content_plot_Counts.pdf",
                "multiqc/multiqc_plots/pdf/fastqc_per_sequence_gc_content_plot_Percentages.pdf",
                "multiqc/multiqc_plots/pdf/fastqc_per_sequence_quality_scores_plot.pdf",
                "multiqc/multiqc_plots/pdf/fastqc_sequence_counts_plot-cnt.pdf",
                "multiqc/multiqc_plots/pdf/fastqc_sequence_counts_plot-pct.pdf",
                "multiqc/multiqc_plots/pdf/fastqc_sequence_duplication_levels_plot.pdf",
                "multiqc/multiqc_plots/pdf/fastqc_top_overrepresented_sequences_table.pdf",
                "multiqc/multiqc_plots/pdf/general_stats_table.pdf",
                "multiqc/multiqc_plots/png",
                "multiqc/multiqc_plots/png/bclconvert-lane-stats-table.png",
                "multiqc/multiqc_plots/png/bclconvert-sample-stats-table.png",
                "multiqc/multiqc_plots/png/bclconvert_lane_counts-cnt.png",
                "multiqc/multiqc_plots/png/bclconvert_lane_counts-pct.png",
                "multiqc/multiqc_plots/png/bclconvert_sample_counts_Counts_per_lane-cnt.png",
                "multiqc/multiqc_plots/png/bclconvert_sample_counts_Counts_per_lane-pct.png",
                "multiqc/multiqc_plots/png/bclconvert_sample_counts_Index_mismatches-cnt.png",
                "multiqc/multiqc_plots/png/bclconvert_sample_counts_Index_mismatches-pct.png",
                "multiqc/multiqc_plots/png/fastp-seq-content-gc-plot_Read_1_After_filtering.png",
                "multiqc/multiqc_plots/png/fastp-seq-content-gc-plot_Read_1_Before_filtering.png",
                "multiqc/multiqc_plots/png/fastp-seq-content-n-plot_Read_1_After_filtering.png",
                "multiqc/multiqc_plots/png/fastp-seq-content-n-plot_Read_1_Before_filtering.png",
                "multiqc/multiqc_plots/png/fastp-seq-quality-plot_Read_1_After_filtering.png",
                "multiqc/multiqc_plots/png/fastp-seq-quality-plot_Read_1_Before_filtering.png",
                "multiqc/multiqc_plots/png/fastp_filtered_reads_plot-cnt.png",
                "multiqc/multiqc_plots/png/fastp_filtered_reads_plot-pct.png",
                "multiqc/multiqc_plots/png/fastqc-status-check-heatmap.png",
                "multiqc/multiqc_plots/png/fastqc_per_base_n_content_plot.png",
                "multiqc/multiqc_plots/png/fastqc_per_base_sequence_quality_plot.png",
                "multiqc/multiqc_plots/png/fastqc_per_sequence_gc_content_plot_Counts.png",
                "multiqc/multiqc_plots/png/fastqc_per_sequence_gc_content_plot_Percentages.png",
                "multiqc/multiqc_plots/png/fastqc_per_sequence_quality_scores_plot.png",
                "multiqc/multiqc_plots/png/fastqc_sequence_counts_plot-cnt.png",
                "multiqc/multiqc_plots/png/fastqc_sequence_counts_plot-pct.png",
                "multiqc/multiqc_plots/png/fastqc_sequence_duplication_levels_plot.png",
                "multiqc/multiqc_plots/png/fastqc_top_overrepresented_sequences_table.png",
                "multiqc/multiqc_plots/png/general_stats_table.png",
                "multiqc/multiqc_plots/svg",
                "multiqc/multiqc_plots/svg/bclconvert-lane-stats-table.svg",
                "multiqc/multiqc_plots/svg/bclconvert-sample-stats-table.svg",
                "multiqc/multiqc_plots/svg/bclconvert_lane_counts-cnt.svg",
                "multiqc/multiqc_plots/svg/bclconvert_lane_counts-pct.svg",
                "multiqc/multiqc_plots/svg/bclconvert_sample_counts_Counts_per_lane-cnt.svg",
                "multiqc/multiqc_plots/svg/bclconvert_sample_counts_Counts_per_lane-pct.svg",
                "multiqc/multiqc_plots/svg/bclconvert_sample_counts_Index_mismatches-cnt.svg",
                "multiqc/multiqc_plots/svg/bclconvert_sample_counts_Index_mismatches-pct.svg",
                "multiqc/multiqc_plots/svg/fastp-seq-content-gc-plot_Read_1_After_filtering.svg",
                "multiqc/multiqc_plots/svg/fastp-seq-content-gc-plot_Read_1_Before_filtering.svg",
                "multiqc/multiqc_plots/svg/fastp-seq-content-n-plot_Read_1_After_filtering.svg",
                "multiqc/multiqc_plots/svg/fastp-seq-content-n-plot_Read_1_Before_filtering.svg",
                "multiqc/multiqc_plots/svg/fastp-seq-quality-plot_Read_1_After_filtering.svg",
                "multiqc/multiqc_plots/svg/fastp-seq-quality-plot_Read_1_Before_filtering.svg",
                "multiqc/multiqc_plots/svg/fastp_filtered_reads_plot-cnt.svg",
                "multiqc/multiqc_plots/svg/fastp_filtered_reads_plot-pct.svg",
                "multiqc/multiqc_plots/svg/fastqc-status-check-heatmap.svg",
                "multiqc/multiqc_plots/svg/fastqc_per_base_n_content_plot.svg",
                "multiqc/multiqc_plots/svg/fastqc_per_base_sequence_quality_plot.svg",
                "multiqc/multiqc_plots/svg/fastqc_per_sequence_gc_content_plot_Counts.svg",
                "multiqc/multiqc_plots/svg/fastqc_per_sequence_gc_content_plot_Percentages.svg",
                "multiqc/multiqc_plots/svg/fastqc_per_sequence_quality_scores_plot.svg",
                "multiqc/multiqc_plots/svg/fastqc_sequence_counts_plot-cnt.svg",
                "multiqc/multiqc_plots/svg/fastqc_sequence_counts_plot-pct.svg",
                "multiqc/multiqc_plots/svg/fastqc_sequence_duplication_levels_plot.svg",
                "multiqc/multiqc_plots/svg/fastqc_top_overrepresented_sequences_table.svg",
                "multiqc/multiqc_plots/svg/general_stats_table.svg",
                "multiqc/multiqc_report.html",
                "pipeline_info",
                "pipeline_info/nf_core_pipeline_software_mqc_versions.yml",
                "samplesheet",
                "samplesheet/atacseq_samplesheet.csv",
                "samplesheet/rnaseq_samplesheet.csv",
                "samplesheet/taxprofiler_samplesheet.csv"
            ],
            [
                "220422_M11111_0222_000000000-K9H97.lane1_no_adapters.csv:md5,ee5db2e12754e069998b0a96e535238c",
                "ControlMetricsOut.bin:md5,6d77b38d0793a6e1ce1e85706e488953",
                "CorrectedIntMetricsOut.bin:md5,2bbf84d3be72734addaa2fe794711434",
                "ErrorMetricsOut.bin:md5,38c88def138e9bb832539911affdb286",
                "ExtractionMetricsOut.bin:md5,7497c3178837eea8f09350b5cd252e99",
                "IndexMetricsOut.bin:md5,d41d8cd98f00b204e9800998ecf8427e",
                "QMetricsOut.bin:md5,7e9f198d53ebdfbb699a5f94cf1ed51c",
                "TileMetricsOut.bin:md5,83891751ec1c91a425a524b476b6ca3c",
                "Adapter_Cycle_Metrics.csv:md5,5a0c88793b4a0885fe3dda16609b576e",
                "Adapter_Metrics.csv:md5,989240b8840b2169ac1061f952c90f6c",
                "Demultiplex_Stats.csv:md5,93949a8cd96f907d83e0808c1ec2a04b",
                "Demultiplex_Tile_Stats.csv:md5,83120160b0f22a1303fa1db31c19f6e9",
                "IndexMetricsOut.bin:md5,9e688c58a5487b8eaf69c9e1005ad0bf",
                "Index_Hopping_Counts.csv:md5,1059369e375fd8f8423c0f6c934be978",
                "Quality_Metrics.csv:md5,6614accb1bb414fe312b17b81f5521f7",
                "Quality_Tile_Metrics.csv:md5,cdc89fd2962bdd4a24f71e186112118a",
                "RunInfo.xml:md5,03038959f4dd181c86bc97ae71fe270a",
                "SampleSheet.csv:md5,ee5db2e12754e069998b0a96e535238c",
                "Top_Unknown_Barcodes.csv:md5,2e2faba761137f228e56bd3428453ccc",
                "fastq_list.csv:md5,ae1470cd741e33b87a4ad26f849a50f9",
                "Sample1_S1_L001.fastp.fastq.gz:md5,64639ff33d4b07d62a9079f88cbbd373",
                "Sample1_S1_L001.fastp.fastq.gz.md5:md5,c3cd96f3a22fb6afbaa1df324814d54c",
                "Sample1_S1_L001.fastp.json:md5,d9d2d702f3c64412a04cd0768863b1ab",
                "Sample1_S1_L001_R1_001.fastq.gz:md5,0675fb6365322eaafb33c0f8e862b54b",
                "Sample1_S1_L001_fastqc_data.txt:md5,0adf4e2617f55fabba0663583c1f65b7",
                "Sample1_S1_L001_summary.txt:md5,510c6b8a26ff8d530950c05b3ca5a1c6",
                "Undetermined_S0_L001_R1_001.fastq.gz:md5,d41d8cd98f00b204e9800998ecf8427e",
                "bclconvert-lane-stats-table.txt:md5,8bff7b728d3ad67405d4742d0aa2088e",
                "bclconvert-sample-stats-table.txt:md5,a6edf6b192981bd296c1eba968e4333c",
                "bclconvert_lane_counts.txt:md5,a327047d0d6c7de32eef9535bb159110",
                "bclconvert_sample_counts_Counts_per_lane.txt:md5,a7e57ab911ba2cf74ec7bd93b921036d",
                "bclconvert_sample_counts_Index_mismatches.txt:md5,06c29164e83815c79a2b1541a4a6294e",
                "fastp-seq-content-gc-plot_Read_1_After_filtering.txt:md5,8105d4ce1d752e1f8a26e4291e8d9c6c",
                "fastp-seq-content-gc-plot_Read_1_Before_filtering.txt:md5,0ac68e41c4de8ca35a1cd6ee7c6cb3f3",
                "fastp-seq-content-n-plot_Read_1_After_filtering.txt:md5,1ec69a9fd0d46a39dfb59e377733e98b",
                "fastp-seq-content-n-plot_Read_1_Before_filtering.txt:md5,1ec69a9fd0d46a39dfb59e377733e98b",
                "fastp-seq-quality-plot_Read_1_After_filtering.txt:md5,1701b40c23dca068210f5410788e3be1",
                "fastp-seq-quality-plot_Read_1_Before_filtering.txt:md5,35de9aebdc467b1bbc9fd1f40d3aece4",
                "fastp_filtered_reads_plot.txt:md5,fa14a1941e109d4104c33db0e5fe20fc",
                "fastqc_per_base_n_content_plot.txt:md5,d7db99124db8f53d82c51c779ce77463",
                "fastqc_per_base_sequence_quality_plot.txt:md5,31c51bbd7d4dbb32107efa95c8a58ee5",
                "fastqc_per_sequence_gc_content_plot_Counts.txt:md5,842eaa1c62a8e6676b4b07226bda998b",
                "fastqc_per_sequence_gc_content_plot_Percentages.txt:md5,b231390d458d0bfdf4fa1360a776e03c",
                "fastqc_per_sequence_quality_scores_plot.txt:md5,edbe64e0545cb866af73a649349d2a42",
                "fastqc_sequence_counts_plot.txt:md5,662c69090978601ca7d39504b1ac736b",
                "fastqc_sequence_duplication_levels_plot.txt:md5,cc02a5151984c0a9fdf8316bfb05088b",
                "multiqc_bclconvert_bylane.txt:md5,2f779a97f3a5429454f62059a19856e6",
                "multiqc_bclconvert_bysample.txt:md5,6a1ababe7d8242995ba5c5f78699cd63",
                "multiqc_citations.txt:md5,d35df50e9903a96a2b3bce3c1fbc8ad2"
            ]
        ],
        "meta": {
            "nf-test": "0.9.2",
            "nextflow": "24.10.1"
        },
        "timestamp": "2024-11-21T18:45:41.681049213"
    },
    "atacseq_samplesheet": {
        "content": [
            true
        ],
        "meta": {
            "nf-test": "0.9.0",
            "nextflow": "24.04.4"
        },
        "timestamp": "2024-10-30T15:28:43.215827644"
    },
    "taxprofiler_samplesheet": {
        "content": [
            true
        ],
        "meta": {
            "nf-test": "0.9.0",
            "nextflow": "24.04.4"
        },
        "timestamp": "2024-10-30T15:28:53.253703589"
    }
}
