{
    "mgikit": {
        "content": [
            21,
            {
                "DEMULTIPLEX": {
                    "mgikit": "0.1.6"
                },
                "FALCO": {
                    "falco": "1.2.1"
                },
                "FASTP": {
                    "fastp": "0.23.4"
                },
                "MD5SUM": {
                    "md5sum": 8.3
                },
                "Workflow": {
                    "nf-core/demultiplex": "v1.5.4dev"
                }
            },
            [
                "demultiplex",
                "demultiplex/out-test-fc01-1",
                "demultiplex/out-test-fc01-1/FC01.L01.mgikit.general",
                "demultiplex/out-test-fc01-1/FC01.L01.mgikit.info",
                "demultiplex/out-test-fc01-1/FC01.L01.mgikit.sample_stats",
                "demultiplex/out-test-fc01-1/FC01.L01.mgikit.undetermined_barcode",
                "demultiplex/out-test-fc01-1/FC01.L01.mgikit.undetermined_barcode.complete",
                "demultiplex/out-test-fc01-1/Sample01_S1_L01_R1_001.fastq.gz",
                "demultiplex/out-test-fc01-1/Sample01_S1_L01_R2_001.fastq.gz",
                "demultiplex/out-test-fc01-1/Sample02_S2_L01_R1_001.fastq.gz",
                "demultiplex/out-test-fc01-1/Sample02_S2_L01_R2_001.fastq.gz",
                "demultiplex/out-test-fc01-1/Sample03_S3_L01_R1_001.fastq.gz",
                "demultiplex/out-test-fc01-1/Sample03_S3_L01_R2_001.fastq.gz",
                "demultiplex/out-test-fc01-1/Sample04_S4_L01_R1_001.fastq.gz",
                "demultiplex/out-test-fc01-1/Sample04_S4_L01_R2_001.fastq.gz",
                "demultiplex/out-test-fc01-1_undetermined",
                "demultiplex/out-test-fc01-1_undetermined/Undetermined_L01_R1_001.fastq.gz",
                "demultiplex/out-test-fc01-1_undetermined/Undetermined_L01_R2_001.fastq.gz",
                "multiqc",
                "multiqc/multiqc_data",
                "multiqc/multiqc_data/fastp-insert-size-plot.txt",
                "multiqc/multiqc_data/fastp-seq-content-gc-plot_Read_1_After_filtering.txt",
                "multiqc/multiqc_data/fastp-seq-content-gc-plot_Read_1_Before_filtering.txt",
                "multiqc/multiqc_data/fastp-seq-content-gc-plot_Read_2_After_filtering.txt",
                "multiqc/multiqc_data/fastp-seq-content-gc-plot_Read_2_Before_filtering.txt",
                "multiqc/multiqc_data/fastp-seq-content-n-plot_Read_1_After_filtering.txt",
                "multiqc/multiqc_data/fastp-seq-content-n-plot_Read_1_Before_filtering.txt",
                "multiqc/multiqc_data/fastp-seq-content-n-plot_Read_2_After_filtering.txt",
                "multiqc/multiqc_data/fastp-seq-content-n-plot_Read_2_Before_filtering.txt",
                "multiqc/multiqc_data/fastp-seq-quality-plot_Read_1_After_filtering.txt",
                "multiqc/multiqc_data/fastp-seq-quality-plot_Read_1_Before_filtering.txt",
                "multiqc/multiqc_data/fastp-seq-quality-plot_Read_2_After_filtering.txt",
                "multiqc/multiqc_data/fastp-seq-quality-plot_Read_2_Before_filtering.txt",
                "multiqc/multiqc_data/fastp_filtered_reads_plot.txt",
                "multiqc/multiqc_data/fastqc-status-check-heatmap.txt",
                "multiqc/multiqc_data/fastqc_overrepresented_sequences_plot.txt",
                "multiqc/multiqc_data/fastqc_per_base_n_content_plot.txt",
                "multiqc/multiqc_data/fastqc_per_base_sequence_quality_plot.txt",
                "multiqc/multiqc_data/fastqc_per_sequence_gc_content_plot_Counts.txt",
                "multiqc/multiqc_data/fastqc_per_sequence_gc_content_plot_Percentages.txt",
                "multiqc/multiqc_data/fastqc_per_sequence_quality_scores_plot.txt",
                "multiqc/multiqc_data/fastqc_sequence_counts_plot.txt",
                "multiqc/multiqc_data/fastqc_sequence_duplication_levels_plot.txt",
                "multiqc/multiqc_data/fastqc_top_overrepresented_sequences_table.txt",
                "multiqc/multiqc_data/multiqc.log",
                "multiqc/multiqc_data/multiqc_citations.txt",
                "multiqc/multiqc_data/multiqc_data.json",
                "multiqc/multiqc_data/multiqc_fastp.txt",
                "multiqc/multiqc_data/multiqc_fastqc.txt",
                "multiqc/multiqc_data/multiqc_general_stats.txt",
                "multiqc/multiqc_data/multiqc_software_versions.txt",
                "multiqc/multiqc_data/multiqc_sources.txt",
                "multiqc/multiqc_plots",
                "multiqc/multiqc_plots/pdf",
                "multiqc/multiqc_plots/pdf/fastp-insert-size-plot.pdf",
                "multiqc/multiqc_plots/pdf/fastp-seq-content-gc-plot_Read_1_After_filtering.pdf",
                "multiqc/multiqc_plots/pdf/fastp-seq-content-gc-plot_Read_1_Before_filtering.pdf",
                "multiqc/multiqc_plots/pdf/fastp-seq-content-gc-plot_Read_2_After_filtering.pdf",
                "multiqc/multiqc_plots/pdf/fastp-seq-content-gc-plot_Read_2_Before_filtering.pdf",
                "multiqc/multiqc_plots/pdf/fastp-seq-content-n-plot_Read_1_After_filtering.pdf",
                "multiqc/multiqc_plots/pdf/fastp-seq-content-n-plot_Read_1_Before_filtering.pdf",
                "multiqc/multiqc_plots/pdf/fastp-seq-content-n-plot_Read_2_After_filtering.pdf",
                "multiqc/multiqc_plots/pdf/fastp-seq-content-n-plot_Read_2_Before_filtering.pdf",
                "multiqc/multiqc_plots/pdf/fastp-seq-quality-plot_Read_1_After_filtering.pdf",
                "multiqc/multiqc_plots/pdf/fastp-seq-quality-plot_Read_1_Before_filtering.pdf",
                "multiqc/multiqc_plots/pdf/fastp-seq-quality-plot_Read_2_After_filtering.pdf",
                "multiqc/multiqc_plots/pdf/fastp-seq-quality-plot_Read_2_Before_filtering.pdf",
                "multiqc/multiqc_plots/pdf/fastp_filtered_reads_plot-cnt.pdf",
                "multiqc/multiqc_plots/pdf/fastp_filtered_reads_plot-pct.pdf",
                "multiqc/multiqc_plots/pdf/fastqc-status-check-heatmap.pdf",
                "multiqc/multiqc_plots/pdf/fastqc_overrepresented_sequences_plot.pdf",
                "multiqc/multiqc_plots/pdf/fastqc_per_base_n_content_plot.pdf",
                "multiqc/multiqc_plots/pdf/fastqc_per_base_sequence_quality_plot.pdf",
                "multiqc/multiqc_plots/pdf/fastqc_per_sequence_gc_content_plot_Counts.pdf",
                "multiqc/multiqc_plots/pdf/fastqc_per_sequence_gc_content_plot_Percentages.pdf",
                "multiqc/multiqc_plots/pdf/fastqc_per_sequence_quality_scores_plot.pdf",
                "multiqc/multiqc_plots/pdf/fastqc_sequence_counts_plot-cnt.pdf",
                "multiqc/multiqc_plots/pdf/fastqc_sequence_counts_plot-pct.pdf",
                "multiqc/multiqc_plots/pdf/fastqc_sequence_duplication_levels_plot.pdf",
                "multiqc/multiqc_plots/pdf/fastqc_top_overrepresented_sequences_table.pdf",
                "multiqc/multiqc_plots/pdf/general_stats_table.pdf",
                "multiqc/multiqc_plots/png",
                "multiqc/multiqc_plots/png/fastp-insert-size-plot.png",
                "multiqc/multiqc_plots/png/fastp-seq-content-gc-plot_Read_1_After_filtering.png",
                "multiqc/multiqc_plots/png/fastp-seq-content-gc-plot_Read_1_Before_filtering.png",
                "multiqc/multiqc_plots/png/fastp-seq-content-gc-plot_Read_2_After_filtering.png",
                "multiqc/multiqc_plots/png/fastp-seq-content-gc-plot_Read_2_Before_filtering.png",
                "multiqc/multiqc_plots/png/fastp-seq-content-n-plot_Read_1_After_filtering.png",
                "multiqc/multiqc_plots/png/fastp-seq-content-n-plot_Read_1_Before_filtering.png",
                "multiqc/multiqc_plots/png/fastp-seq-content-n-plot_Read_2_After_filtering.png",
                "multiqc/multiqc_plots/png/fastp-seq-content-n-plot_Read_2_Before_filtering.png",
                "multiqc/multiqc_plots/png/fastp-seq-quality-plot_Read_1_After_filtering.png",
                "multiqc/multiqc_plots/png/fastp-seq-quality-plot_Read_1_Before_filtering.png",
                "multiqc/multiqc_plots/png/fastp-seq-quality-plot_Read_2_After_filtering.png",
                "multiqc/multiqc_plots/png/fastp-seq-quality-plot_Read_2_Before_filtering.png",
                "multiqc/multiqc_plots/png/fastp_filtered_reads_plot-cnt.png",
                "multiqc/multiqc_plots/png/fastp_filtered_reads_plot-pct.png",
                "multiqc/multiqc_plots/png/fastqc-status-check-heatmap.png",
                "multiqc/multiqc_plots/png/fastqc_overrepresented_sequences_plot.png",
                "multiqc/multiqc_plots/png/fastqc_per_base_n_content_plot.png",
                "multiqc/multiqc_plots/png/fastqc_per_base_sequence_quality_plot.png",
                "multiqc/multiqc_plots/png/fastqc_per_sequence_gc_content_plot_Counts.png",
                "multiqc/multiqc_plots/png/fastqc_per_sequence_gc_content_plot_Percentages.png",
                "multiqc/multiqc_plots/png/fastqc_per_sequence_quality_scores_plot.png",
                "multiqc/multiqc_plots/png/fastqc_sequence_counts_plot-cnt.png",
                "multiqc/multiqc_plots/png/fastqc_sequence_counts_plot-pct.png",
                "multiqc/multiqc_plots/png/fastqc_sequence_duplication_levels_plot.png",
                "multiqc/multiqc_plots/png/fastqc_top_overrepresented_sequences_table.png",
                "multiqc/multiqc_plots/png/general_stats_table.png",
                "multiqc/multiqc_plots/svg",
                "multiqc/multiqc_plots/svg/fastp-insert-size-plot.svg",
                "multiqc/multiqc_plots/svg/fastp-seq-content-gc-plot_Read_1_After_filtering.svg",
                "multiqc/multiqc_plots/svg/fastp-seq-content-gc-plot_Read_1_Before_filtering.svg",
                "multiqc/multiqc_plots/svg/fastp-seq-content-gc-plot_Read_2_After_filtering.svg",
                "multiqc/multiqc_plots/svg/fastp-seq-content-gc-plot_Read_2_Before_filtering.svg",
                "multiqc/multiqc_plots/svg/fastp-seq-content-n-plot_Read_1_After_filtering.svg",
                "multiqc/multiqc_plots/svg/fastp-seq-content-n-plot_Read_1_Before_filtering.svg",
                "multiqc/multiqc_plots/svg/fastp-seq-content-n-plot_Read_2_After_filtering.svg",
                "multiqc/multiqc_plots/svg/fastp-seq-content-n-plot_Read_2_Before_filtering.svg",
                "multiqc/multiqc_plots/svg/fastp-seq-quality-plot_Read_1_After_filtering.svg",
                "multiqc/multiqc_plots/svg/fastp-seq-quality-plot_Read_1_Before_filtering.svg",
                "multiqc/multiqc_plots/svg/fastp-seq-quality-plot_Read_2_After_filtering.svg",
                "multiqc/multiqc_plots/svg/fastp-seq-quality-plot_Read_2_Before_filtering.svg",
                "multiqc/multiqc_plots/svg/fastp_filtered_reads_plot-cnt.svg",
                "multiqc/multiqc_plots/svg/fastp_filtered_reads_plot-pct.svg",
                "multiqc/multiqc_plots/svg/fastqc-status-check-heatmap.svg",
                "multiqc/multiqc_plots/svg/fastqc_overrepresented_sequences_plot.svg",
                "multiqc/multiqc_plots/svg/fastqc_per_base_n_content_plot.svg",
                "multiqc/multiqc_plots/svg/fastqc_per_base_sequence_quality_plot.svg",
                "multiqc/multiqc_plots/svg/fastqc_per_sequence_gc_content_plot_Counts.svg",
                "multiqc/multiqc_plots/svg/fastqc_per_sequence_gc_content_plot_Percentages.svg",
                "multiqc/multiqc_plots/svg/fastqc_per_sequence_quality_scores_plot.svg",
                "multiqc/multiqc_plots/svg/fastqc_sequence_counts_plot-cnt.svg",
                "multiqc/multiqc_plots/svg/fastqc_sequence_counts_plot-pct.svg",
                "multiqc/multiqc_plots/svg/fastqc_sequence_duplication_levels_plot.svg",
                "multiqc/multiqc_plots/svg/fastqc_top_overrepresented_sequences_table.svg",
                "multiqc/multiqc_plots/svg/general_stats_table.svg",
                "multiqc/multiqc_report.html",
                "pipeline_info",
                "pipeline_info/nf_core_pipeline_software_mqc_versions.yml",
                "samplesheet",
                "samplesheet/atacseq_samplesheet.csv",
                "samplesheet/rnaseq_samplesheet.csv",
                "samplesheet/taxprofiler_samplesheet.csv",
                "test-fc01",
                "test-fc01.csv",
                "test-fc01/L001",
                "test-fc01/L001/Sample01.fastp.html",
                "test-fc01/L001/Sample01.fastp.json",
                "test-fc01/L001/Sample01_1.fastp.fastq.gz",
                "test-fc01/L001/Sample01_1.fastp.fastq.gz.md5",
                "test-fc01/L001/Sample01_1.fastp.fastq.gz_fastqc_data.txt",
                "test-fc01/L001/Sample01_1.fastp.fastq.gz_fastqc_report.html",
                "test-fc01/L001/Sample01_1.fastp.fastq.gz_summary.txt",
                "test-fc01/L001/Sample01_2.fastp.fastq.gz",
                "test-fc01/L001/Sample01_2.fastp.fastq.gz.md5",
                "test-fc01/L001/Sample01_2.fastp.fastq.gz_fastqc_data.txt",
                "test-fc01/L001/Sample01_2.fastp.fastq.gz_fastqc_report.html",
                "test-fc01/L001/Sample01_2.fastp.fastq.gz_summary.txt",
                "test-fc01/L001/Sample02.fastp.html",
                "test-fc01/L001/Sample02.fastp.json",
                "test-fc01/L001/Sample02_1.fastp.fastq.gz",
                "test-fc01/L001/Sample02_1.fastp.fastq.gz.md5",
                "test-fc01/L001/Sample02_1.fastp.fastq.gz_fastqc_data.txt",
                "test-fc01/L001/Sample02_1.fastp.fastq.gz_fastqc_report.html",
                "test-fc01/L001/Sample02_1.fastp.fastq.gz_summary.txt",
                "test-fc01/L001/Sample02_2.fastp.fastq.gz",
                "test-fc01/L001/Sample02_2.fastp.fastq.gz.md5",
                "test-fc01/L001/Sample02_2.fastp.fastq.gz_fastqc_data.txt",
                "test-fc01/L001/Sample02_2.fastp.fastq.gz_fastqc_report.html",
                "test-fc01/L001/Sample02_2.fastp.fastq.gz_summary.txt",
                "test-fc01/L001/Sample03.fastp.html",
                "test-fc01/L001/Sample03.fastp.json",
                "test-fc01/L001/Sample03_1.fastp.fastq.gz",
                "test-fc01/L001/Sample03_1.fastp.fastq.gz.md5",
                "test-fc01/L001/Sample03_1.fastp.fastq.gz_fastqc_data.txt",
                "test-fc01/L001/Sample03_1.fastp.fastq.gz_fastqc_report.html",
                "test-fc01/L001/Sample03_1.fastp.fastq.gz_summary.txt",
                "test-fc01/L001/Sample03_2.fastp.fastq.gz",
                "test-fc01/L001/Sample03_2.fastp.fastq.gz.md5",
                "test-fc01/L001/Sample03_2.fastp.fastq.gz_fastqc_data.txt",
                "test-fc01/L001/Sample03_2.fastp.fastq.gz_fastqc_report.html",
                "test-fc01/L001/Sample03_2.fastp.fastq.gz_summary.txt",
                "test-fc01/L001/Sample04.fastp.html",
                "test-fc01/L001/Sample04.fastp.json",
                "test-fc01/L001/Sample04_1.fastp.fastq.gz",
                "test-fc01/L001/Sample04_1.fastp.fastq.gz.md5",
                "test-fc01/L001/Sample04_1.fastp.fastq.gz_fastqc_data.txt",
                "test-fc01/L001/Sample04_1.fastp.fastq.gz_fastqc_report.html",
                "test-fc01/L001/Sample04_1.fastp.fastq.gz_summary.txt",
                "test-fc01/L001/Sample04_2.fastp.fastq.gz",
                "test-fc01/L001/Sample04_2.fastp.fastq.gz.md5",
                "test-fc01/L001/Sample04_2.fastp.fastq.gz_fastqc_data.txt",
                "test-fc01/L001/Sample04_2.fastp.fastq.gz_fastqc_report.html",
                "test-fc01/L001/Sample04_2.fastp.fastq.gz_summary.txt"
            ],
            [
                "FC01.L01.mgikit.general:md5,624b0d43c3995fde2c122c447e780191",
                "FC01.L01.mgikit.info:md5,69a72a1c43d47032828d8b97c6cf8807",
                "FC01.L01.mgikit.sample_stats:md5,20d5b9f4a430fd34579e0f70b42f73f0",
                "FC01.L01.mgikit.undetermined_barcode:md5,c1960b64d4cc5c141d742aa1b6f57a31",
                "FC01.L01.mgikit.undetermined_barcode.complete:md5,c1960b64d4cc5c141d742aa1b6f57a31",
                "Sample01_S1_L01_R1_001.fastq.gz:md5,19752026de713f514637fab29e4ffac4",
                "Sample01_S1_L01_R2_001.fastq.gz:md5,f9015fa4a73977dd093b8b2e4a67a316",
                "Sample02_S2_L01_R1_001.fastq.gz:md5,7f942bf3ef88ef04431ed0d40baae144",
                "Sample02_S2_L01_R2_001.fastq.gz:md5,7348f1bf066a69ee48ed3ee6afa2f91b",
                "Sample03_S3_L01_R1_001.fastq.gz:md5,56afcab8b820419bddec4982fc85b60f",
                "Sample03_S3_L01_R2_001.fastq.gz:md5,38ba38d0d71343e6125fc15b63483ad4",
                "Sample04_S4_L01_R1_001.fastq.gz:md5,dcf0ad68be6ff6c21ebceedaa4eaa4c4",
                "Sample04_S4_L01_R2_001.fastq.gz:md5,cd88081007614f5bed7975b04e25b7e3",
                "Undetermined_L01_R1_001.fastq.gz:md5,63ce3d442f4f8c42e0d9addea9273315",
                "Undetermined_L01_R2_001.fastq.gz:md5,0af27de6fc08cce579e160c31fbe61b9",
                "fastp-insert-size-plot.txt:md5,c3c048605296e5adfd1761bc1871de3b",
                
                "fastp-seq-content-gc-plot_Read_1_After_filtering.txt:md5,dfec6e4e9f65cf657e3b214ca64fffac",
                "fastp-seq-content-gc-plot_Read_1_Before_filtering.txt:md5,dfec6e4e9f65cf657e3b214ca64fffac",
                "fastp-seq-content-gc-plot_Read_2_After_filtering.txt:md5,31f25acdfc17539444577329c37bb0e5",
                "fastp-seq-content-gc-plot_Read_2_Before_filtering.txt:md5,31f25acdfc17539444577329c37bb0e5",
                "fastp-seq-content-n-plot_Read_1_After_filtering.txt:md5,a12afa6f3391f2abfd2bd5938c5b904d",
                "fastp-seq-content-n-plot_Read_1_Before_filtering.txt:md5,a12afa6f3391f2abfd2bd5938c5b904d",
                "fastp-seq-content-n-plot_Read_2_After_filtering.txt:md5,a12afa6f3391f2abfd2bd5938c5b904d",
                "fastp-seq-content-n-plot_Read_2_Before_filtering.txt:md5,a12afa6f3391f2abfd2bd5938c5b904d",

                "fastp-seq-quality-plot_Read_1_After_filtering.txt:md5,0ac96d6e7126238688e36613c525b309",
                "fastp-seq-quality-plot_Read_1_Before_filtering.txt:md5,0ac96d6e7126238688e36613c525b309",
                "fastp-seq-quality-plot_Read_2_After_filtering.txt:md5,0eb066261c3786efd7735fcb261a02c4",
                "fastp-seq-quality-plot_Read_2_Before_filtering.txt:md5,0eb066261c3786efd7735fcb261a02c4",
                "fastp_filtered_reads_plot.txt:md5,4b41e2709debc2e3359f2382c31670c6",
                "fastqc_overrepresented_sequences_plot.txt:md5,22b07e7ba524ece1c795a18197ef9342",
                "fastqc_per_base_n_content_plot.txt:md5,4b4849f2db8f29bd4d6dcd5f190a40d4",
                "fastqc_per_base_sequence_quality_plot.txt:md5,f9103469a4225c35800d1b9eca0c15ea",
                "fastqc_per_sequence_gc_content_plot_Counts.txt:md5,ef8bf33d0d608d9899d03db587773a5f",
                "fastqc_per_sequence_gc_content_plot_Percentages.txt:md5,b327efa563517705181f6434672199f4",
                "fastqc_per_sequence_quality_scores_plot.txt:md5,5f2772bb49befe838597266ebc7c772b",
                "fastqc_sequence_counts_plot.txt:md5,7f22bfc8a332ead3f4629f44b8967b69",
                "fastqc_sequence_duplication_levels_plot.txt:md5,0698ed12046a621c771a27c42ae43015",
                "multiqc_citations.txt:md5,d35df50e9903a96a2b3bce3c1fbc8ad2",
                "test-fc01.csv:md5,74dfac5602f25fe428510a500d3b4700",
                "Sample01.fastp.json:md5,58bd930574e0d97a17e176af1f1a2de2",
                "Sample01_1.fastp.fastq.gz:md5,19752026de713f514637fab29e4ffac4",
                "Sample01_1.fastp.fastq.gz.md5:md5,ff1685317a46c2e4f38a601a400c6ea4",
                "Sample01_1.fastp.fastq.gz_fastqc_data.txt:md5,9dbc0eb3858105006a5c08fbf2b199d2",
                "Sample01_1.fastp.fastq.gz_summary.txt:md5,8dd26c87ee66aaa4e7bb5f02ea05b8df",
                "Sample01_2.fastp.fastq.gz:md5,f9015fa4a73977dd093b8b2e4a67a316",
                "Sample01_2.fastp.fastq.gz.md5:md5,b842540b836a847a3cbda9cd2bd9602a",
                "Sample01_2.fastp.fastq.gz_fastqc_data.txt:md5,581fde09673f893ff5de8480146aec73",
                "Sample01_2.fastp.fastq.gz_summary.txt:md5,3b8e912a8e2d7de2bdc8f27048816d83",
                "Sample02.fastp.json:md5,139e9a52b922c83bbf244d9a90d037e0",
                "Sample02_1.fastp.fastq.gz:md5,7f942bf3ef88ef04431ed0d40baae144",
                "Sample02_1.fastp.fastq.gz.md5:md5,e5359534efdf527f23c892a395ffeda9",
                "Sample02_1.fastp.fastq.gz_fastqc_data.txt:md5,9395972202f7805db07a262b0c1a2a21",
                "Sample02_1.fastp.fastq.gz_summary.txt:md5,5cc98027a0a13d930b52f42c18d5dbd2",
                "Sample02_2.fastp.fastq.gz:md5,7348f1bf066a69ee48ed3ee6afa2f91b",
                "Sample02_2.fastp.fastq.gz.md5:md5,2d7c845b972d1a8e49542c8aec7a0d30",
                "Sample02_2.fastp.fastq.gz_fastqc_data.txt:md5,5ab57f96cb140451bfce528f2c5aab2e",
                "Sample02_2.fastp.fastq.gz_summary.txt:md5,04f73bff5dd39c24da6e9cff5c99eafa",
                "Sample03.fastp.json:md5,3696e4379f10e439f887fda0dd54059d",
                "Sample03_1.fastp.fastq.gz:md5,56afcab8b820419bddec4982fc85b60f",
                "Sample03_1.fastp.fastq.gz.md5:md5,ba1c71c4edafdf5e80817e61b65a2423",
                "Sample03_1.fastp.fastq.gz_fastqc_data.txt:md5,ce8bafaa92fd7dad7e04c110a17ab9aa",
                "Sample03_1.fastp.fastq.gz_summary.txt:md5,8cd319cb78678224290dc56d9d46b7fd",
                "Sample03_2.fastp.fastq.gz:md5,38ba38d0d71343e6125fc15b63483ad4",
                "Sample03_2.fastp.fastq.gz.md5:md5,3f6fd888aeb09e976676304ed56b9549",
                "Sample03_2.fastp.fastq.gz_fastqc_data.txt:md5,6d5979154dc2d30b43561136e0adc1fa",
                "Sample03_2.fastp.fastq.gz_summary.txt:md5,122391b6c6e9332fe373a464e3e3ab09",
                "Sample04.fastp.json:md5,04daf32a7c3a7072b3e7a585421ea4a6",
                "Sample04_1.fastp.fastq.gz:md5,dcf0ad68be6ff6c21ebceedaa4eaa4c4",
                "Sample04_1.fastp.fastq.gz.md5:md5,be3faa610361cbcb5b6d988eaaa29132",
                "Sample04_1.fastp.fastq.gz_fastqc_data.txt:md5,7ff5aeecbcb95f39c6708f2d342c6217",
                "Sample04_1.fastp.fastq.gz_summary.txt:md5,5fea6afad96654dbd2c100943d45d6e8",
                "Sample04_2.fastp.fastq.gz:md5,cd88081007614f5bed7975b04e25b7e3",
                "Sample04_2.fastp.fastq.gz.md5:md5,ae878e68b8e0861b290a20472cb71bf9",
                "Sample04_2.fastp.fastq.gz_fastqc_data.txt:md5,d64d9b1a348735f42f939307c04228bf",
                "Sample04_2.fastp.fastq.gz_summary.txt:md5,20d5e8b942681419b885dca77ab9d250"
            ]
        ],
        "meta": {
            "nf-test": "0.9.2",
            "nextflow": "24.10.1"
        },
        "timestamp": "2024-12-08T18:24:13.756472"
    }
}